
> pup-filing-system-backend@1.0.0 test
> cross-env NODE_OPTIONS=--experimental-vm-modules jest --runInBand

node.exe : (node:24684) ExperimentalWarning: VM Modules is an experimental feature and might change at any time
At line:1 char:1
+ & "C:\Program Files\nodejs/node.exe" "C:\Program Files\nodejs/node_mo ...
+ ~~~~~~~~~~~~~~~~~~~~~~~~~~~~~~~~~~~~~~~~~~~~~~~~~~~~~~~~~~~~~~~~~~~~~
    + CategoryInfo          : NotSpecified: ((node:24684) Ex...nge at any time:String) [], RemoteException
    + FullyQualifiedErrorId : NativeCommandError
 
(Use `node --trace-warnings ...` to show where the warning was created)
  console.error
    Registration error: Error: Database connection failed
        at Object.<anonymous> (C:\Users\ZLSH01LT2304005\Documents\Repos\deans-server\tests\auth\auth.test.js:212:56)
        at Promise.finally.completed (C:\Users\ZLSH01LT2304005\Documents\Repos\deans-server\node_modules\.pnpm\jest-circus@30.2.0\node_modules\jest-circus\build\jestAdapterInit.js:1557:28)
        at new Promise (<anonymous>)
        at callAsyncCircusFn (C:\Users\ZLSH01LT2304005\Documents\Repos\deans-server\node_modules\.pnpm\jest-circus@30.2.0\node_modules\jest-circus\build\jestAdapterInit.js:1497:10)
        at _callCircusTest (C:\Users\ZLSH01LT2304005\Documents\Repos\deans-server\node_modules\.pnpm\jest-circus@30.2.0\node_modules\jest-circus\build\jestAdapterInit.js:1007:40)
        at processTicksAndRejections (node:internal/process/task_queues:103:5)
        at _runTest (C:\Users\ZLSH01LT2304005\Documents\Repos\deans-server\node_modules\.pnpm\jest-circus@30.2.0\node_modules\jest-circus\build\jestAdapterInit.js:947:3)
        at C:\Users\ZLSH01LT2304005\Documents\Repos\deans-server\node_modules\.pnpm\jest-circus@30.2.0\node_modules\jest-circus\build\jestAdapterInit.js:849:7
        at _runTestsForDescribeBlock (C:\Users\ZLSH01LT2304005\Documents\Repos\deans-server\node_modules\.pnpm\jest-circus@30.2.0\node_modules\jest-circus\build\jestAdapterInit.js:862:11)
        at _runTestsForDescribeBlock (C:\Users\ZLSH01LT2304005\Documents\Repos\deans-server\node_modules\.pnpm\jest-circus@30.2.0\node_modules\jest-circus\build\jestAdapterInit.js:857:11)
        at _runTestsForDescribeBlock (C:\Users\ZLSH01LT2304005\Documents\Repos\deans-server\node_modules\.pnpm\jest-circus@30.2.0\node_modules\jest-circus\build\jestAdapterInit.js:857:11)
        at _runTestsForDescribeBlock (C:\Users\ZLSH01LT2304005\Documents\Repos\deans-server\node_modules\.pnpm\jest-circus@30.2.0\node_modules\jest-circus\build\jestAdapterInit.js:857:11)
        at run (C:\Users\ZLSH01LT2304005\Documents\Repos\deans-server\node_modules\.pnpm\jest-circus@30.2.0\node_modules\jest-circus\build\jestAdapterInit.js:761:3)
        at runAndTransformResultsToJestFormat (C:\Users\ZLSH01LT2304005\Documents\Repos\deans-server\node_modules\.pnpm\jest-circus@30.2.0\node_modules\jest-circus\build\jestAdapterInit.js:1918:21)
        at jestAdapter (C:\Users\ZLSH01LT2304005\Documents\Repos\deans-server\node_modules\.pnpm\jest-circus@30.2.0\node_modules\jest-circus\build\runner.js:101:19)
        at runTestInternal (C:\Users\ZLSH01LT2304005\Documents\Repos\deans-server\node_modules\.pnpm\jest-runner@30.2.0\node_modules\jest-runner\build\index.js:275:16)
        at runTest (C:\Users\ZLSH01LT2304005\Documents\Repos\deans-server\node_modules\.pnpm\jest-runner@30.2.0\node_modules\jest-runner\build\index.js:343:7)

    [0m [90m 57 |[39m
     [90m 58 |[39m   } [36mcatch[39m (error) {
    [31m[1m>[22m[39m[90m 59 |[39m     console[33m.[39merror([32m'Registration error:'[39m[33m,[39m error)[33m;[39m
     [90m    |[39m             [31m[1m^[22m[39m
     [90m 60 |[39m     res[33m.[39mstatus([35m500[39m)[33m.[39mjson({
     [90m 61 |[39m       error[33m:[39m [32m'Registration failed'[39m[33m,[39m
     [90m 62 |[39m       message[33m:[39m error[33m.[39mmessage[0m

      at routes/auth.js:59:13

  console.error
    Login error: TypeError: prisma.user.findFirst is not a function
        at C:\Users\ZLSH01LT2304005\Documents\Repos\deans-server\routes\auth.js:87:36
        at Layer.handle [as handle_request] (C:\Users\ZLSH01LT2304005\Documents\Repos\deans-server\node_modules\.pnpm\express@4.21.2\node_modules\express\lib\router\layer.js:95:5)
        at next (C:\Users\ZLSH01LT2304005\Documents\Repos\deans-server\node_modules\.pnpm\express@4.21.2\node_modules\express\lib\router\route.js:149:13)
        at Route.dispatch (C:\Users\ZLSH01LT2304005\Documents\Repos\deans-server\node_modules\.pnpm\express@4.21.2\node_modules\express\lib\router\route.js:119:3)
        at Layer.handle [as handle_request] (C:\Users\ZLSH01LT2304005\Documents\Repos\deans-server\node_modules\.pnpm\express@4.21.2\node_modules\express\lib\router\layer.js:95:5)
        at C:\Users\ZLSH01LT2304005\Documents\Repos\deans-server\node_modules\.pnpm\express@4.21.2\node_modules\express\lib\router\index.js:284:15
        at router.process_params (C:\Users\ZLSH01LT2304005\Documents\Repos\deans-server\node_modules\.pnpm\express@4.21.2\node_modules\express\lib\router\index.js:346:12)
        at next (C:\Users\ZLSH01LT2304005\Documents\Repos\deans-server\node_modules\.pnpm\express@4.21.2\node_modules\express\lib\router\index.js:280:10)
        at router.handle (C:\Users\ZLSH01LT2304005\Documents\Repos\deans-server\node_modules\.pnpm\express@4.21.2\node_modules\express\lib\router\index.js:175:3)
        at router (C:\Users\ZLSH01LT2304005\Documents\Repos\deans-server\node_modules\.pnpm\express@4.21.2\node_modules\express\lib\router\index.js:47:12)
        at Layer.handle [as handle_request] (C:\Users\ZLSH01LT2304005\Documents\Repos\deans-server\node_modules\.pnpm\express@4.21.2\node_modules\express\lib\router\layer.js:95:5)
        at trim_prefix (C:\Users\ZLSH01LT2304005\Documents\Repos\deans-server\node_modules\.pnpm\express@4.21.2\node_modules\express\lib\router\index.js:328:13)
        at C:\Users\ZLSH01LT2304005\Documents\Repos\deans-server\node_modules\.pnpm\express@4.21.2\node_modules\express\lib\router\index.js:286:9
        at router.process_params (C:\Users\ZLSH01LT2304005\Documents\Repos\deans-server\node_modules\.pnpm\express@4.21.2\node_modules\express\lib\router\index.js:346:12)
        at next (C:\Users\ZLSH01LT2304005\Documents\Repos\deans-server\node_modules\.pnpm\express@4.21.2\node_modules\express\lib\router\index.js:280:10)
        at urlencodedParser (C:\Users\ZLSH01LT2304005\Documents\Repos\deans-server\node_modules\.pnpm\body-parser@1.20.3\node_modules\body-parser\lib\types\urlencoded.js:85:7)
        at Layer.handle [as handle_request] (C:\Users\ZLSH01LT2304005\Documents\Repos\deans-server\node_modules\.pnpm\express@4.21.2\node_modules\express\lib\router\layer.js:95:5)
        at trim_prefix (C:\Users\ZLSH01LT2304005\Documents\Repos\deans-server\node_modules\.pnpm\express@4.21.2\node_modules\express\lib\router\index.js:328:13)
        at C:\Users\ZLSH01LT2304005\Documents\Repos\deans-server\node_modules\.pnpm\express@4.21.2\node_modules\express\lib\router\index.js:286:9
        at router.process_params (C:\Users\ZLSH01LT2304005\Documents\Repos\deans-server\node_modules\.pnpm\express@4.21.2\node_modules\express\lib\router\index.js:346:12)
        at next (C:\Users\ZLSH01LT2304005\Documents\Repos\deans-server\node_modules\.pnpm\express@4.21.2\node_modules\express\lib\router\index.js:280:10)
        at C:\Users\ZLSH01LT2304005\Documents\Repos\deans-server\node_modules\.pnpm\body-parser@1.20.3\node_modules\body-parser\lib\read.js:137:5
        at AsyncResource.runInAsyncScope (node:async_hooks:214:14)
        at invokeCallback (C:\Users\ZLSH01LT2304005\Documents\Repos\deans-server\node_modules\.pnpm\raw-body@2.5.2\node_modules\raw-body\index.js:238:16)
        at done (C:\Users\ZLSH01LT2304005\Documents\Repos\deans-server\node_modules\.pnpm\raw-body@2.5.2\node_modules\raw-body\index.js:227:7)
        at IncomingMessage.onEnd (C:\Users\ZLSH01LT2304005\Documents\Repos\deans-server\node_modules\.pnpm\raw-body@2.5.2\node_modules\raw-body\index.js:287:7)
        at IncomingMessage.emit (node:events:508:28)
        at endReadableNT (node:internal/streams/readable:1701:12)
        at processTicksAndRejections (node:internal/process/task_queues:89:21)

    [0m [90m 164 |[39m
     [90m 165 |[39m   } [36mcatch[39m (error) {
    [31m[1m>[22m[39m[90m 166 |[39m     console[33m.[39merror([32m'Login error:'[39m[33m,[39m error)[33m;[39m
     [90m     |[39m             [31m[1m^[22m[39m
     [90m 167 |[39m     res[33m.[39mstatus([35m500[39m)[33m.[39mjson({
     [90m 168 |[39m       error[33m:[39m [32m'Login failed'[39m[33m,[39m
     [90m 169 |[39m       message[33m:[39m error[33m.[39mmessage[0m

      at routes/auth.js:166:13
      at Layer.handle [as handle_request] (node_modules/.pnpm/express@4.21.2/node_modules/express/lib/router/layer.js:95:5)
      at next (node_modules/.pnpm/express@4.21.2/node_modules/express/lib/router/route.js:149:13)
      at Route.dispatch (node_modules/.pnpm/express@4.21.2/node_modules/express/lib/router/route.js:119:3)
      at Layer.handle [as handle_request] (node_modules/.pnpm/express@4.21.2/node_modules/express/lib/router/layer.js:95:5)
      at node_modules/.pnpm/express@4.21.2/node_modules/express/lib/router/index.js:284:15
      at router.process_params (node_modules/.pnpm/express@4.21.2/node_modules/express/lib/router/index.js:346:12)
      at next (node_modules/.pnpm/express@4.21.2/node_modules/express/lib/router/index.js:280:10)
      at router.handle (node_modules/.pnpm/express@4.21.2/node_modules/express/lib/router/index.js:175:3)
      at router (node_modules/.pnpm/express@4.21.2/node_modules/express/lib/router/index.js:47:12)
      at Layer.handle [as handle_request] (node_modules/.pnpm/express@4.21.2/node_modules/express/lib/router/layer.js:95:5)
      at trim_prefix (node_modules/.pnpm/express@4.21.2/node_modules/express/lib/router/index.js:328:13)
      at node_modules/.pnpm/express@4.21.2/node_modules/express/lib/router/index.js:286:9
      at router.process_params (node_modules/.pnpm/express@4.21.2/node_modules/express/lib/router/index.js:346:12)
      at next (node_modules/.pnpm/express@4.21.2/node_modules/express/lib/router/index.js:280:10)
      at urlencodedParser (node_modules/.pnpm/body-parser@1.20.3/node_modules/body-parser/lib/types/urlencoded.js:85:7)
      at Layer.handle [as handle_request] (node_modules/.pnpm/express@4.21.2/node_modules/express/lib/router/layer.js:95:5)
      at trim_prefix (node_modules/.pnpm/express@4.21.2/node_modules/express/lib/router/index.js:328:13)
      at node_modules/.pnpm/express@4.21.2/node_modules/express/lib/router/index.js:286:9
      at router.process_params (node_modules/.pnpm/express@4.21.2/node_modules/express/lib/router/index.js:346:12)
      at next (node_modules/.pnpm/express@4.21.2/node_modules/express/lib/router/index.js:280:10)
      at node_modules/.pnpm/body-parser@1.20.3/node_modules/body-parser/lib/read.js:137:5
      at invokeCallback (node_modules/.pnpm/raw-body@2.5.2/node_modules/raw-body/index.js:238:16)
      at done (node_modules/.pnpm/raw-body@2.5.2/node_modules/raw-body/index.js:227:7)
      at IncomingMessage.onEnd (node_modules/.pnpm/raw-body@2.5.2/node_modules/raw-body/index.js:287:7)

  console.error
    Login error: TypeError: prisma.user.findFirst is not a function
        at C:\Users\ZLSH01LT2304005\Documents\Repos\deans-server\routes\auth.js:87:36
        at Layer.handle [as handle_request] (C:\Users\ZLSH01LT2304005\Documents\Repos\deans-server\node_modules\.pnpm\express@4.21.2\node_modules\express\lib\router\layer.js:95:5)
        at next (C:\Users\ZLSH01LT2304005\Documents\Repos\deans-server\node_modules\.pnpm\express@4.21.2\node_modules\express\lib\router\route.js:149:13)
        at Route.dispatch (C:\Users\ZLSH01LT2304005\Documents\Repos\deans-server\node_modules\.pnpm\express@4.21.2\node_modules\express\lib\router\route.js:119:3)
        at Layer.handle [as handle_request] (C:\Users\ZLSH01LT2304005\Documents\Repos\deans-server\node_modules\.pnpm\express@4.21.2\node_modules\express\lib\router\layer.js:95:5)
        at C:\Users\ZLSH01LT2304005\Documents\Repos\deans-server\node_modules\.pnpm\express@4.21.2\node_modules\express\lib\router\index.js:284:15
        at router.process_params (C:\Users\ZLSH01LT2304005\Documents\Repos\deans-server\node_modules\.pnpm\express@4.21.2\node_modules\express\lib\router\index.js:346:12)
        at next (C:\Users\ZLSH01LT2304005\Documents\Repos\deans-server\node_modules\.pnpm\express@4.21.2\node_modules\express\lib\router\index.js:280:10)
        at router.handle (C:\Users\ZLSH01LT2304005\Documents\Repos\deans-server\node_modules\.pnpm\express@4.21.2\node_modules\express\lib\router\index.js:175:3)
        at router (C:\Users\ZLSH01LT2304005\Documents\Repos\deans-server\node_modules\.pnpm\express@4.21.2\node_modules\express\lib\router\index.js:47:12)
        at Layer.handle [as handle_request] (C:\Users\ZLSH01LT2304005\Documents\Repos\deans-server\node_modules\.pnpm\express@4.21.2\node_modules\express\lib\router\layer.js:95:5)
        at trim_prefix (C:\Users\ZLSH01LT2304005\Documents\Repos\deans-server\node_modules\.pnpm\express@4.21.2\node_modules\express\lib\router\index.js:328:13)
        at C:\Users\ZLSH01LT2304005\Documents\Repos\deans-server\node_modules\.pnpm\express@4.21.2\node_modules\express\lib\router\index.js:286:9
        at router.process_params (C:\Users\ZLSH01LT2304005\Documents\Repos\deans-server\node_modules\.pnpm\express@4.21.2\node_modules\express\lib\router\index.js:346:12)
        at next (C:\Users\ZLSH01LT2304005\Documents\Repos\deans-server\node_modules\.pnpm\express@4.21.2\node_modules\express\lib\router\index.js:280:10)
        at urlencodedParser (C:\Users\ZLSH01LT2304005\Documents\Repos\deans-server\node_modules\.pnpm\body-parser@1.20.3\node_modules\body-parser\lib\types\urlencoded.js:85:7)
        at Layer.handle [as handle_request] (C:\Users\ZLSH01LT2304005\Documents\Repos\deans-server\node_modules\.pnpm\express@4.21.2\node_modules\express\lib\router\layer.js:95:5)
        at trim_prefix (C:\Users\ZLSH01LT2304005\Documents\Repos\deans-server\node_modules\.pnpm\express@4.21.2\node_modules\express\lib\router\index.js:328:13)
        at C:\Users\ZLSH01LT2304005\Documents\Repos\deans-server\node_modules\.pnpm\express@4.21.2\node_modules\express\lib\router\index.js:286:9
        at router.process_params (C:\Users\ZLSH01LT2304005\Documents\Repos\deans-server\node_modules\.pnpm\express@4.21.2\node_modules\express\lib\router\index.js:346:12)
        at next (C:\Users\ZLSH01LT2304005\Documents\Repos\deans-server\node_modules\.pnpm\express@4.21.2\node_modules\express\lib\router\index.js:280:10)
        at C:\Users\ZLSH01LT2304005\Documents\Repos\deans-server\node_modules\.pnpm\body-parser@1.20.3\node_modules\body-parser\lib\read.js:137:5
        at AsyncResource.runInAsyncScope (node:async_hooks:214:14)
        at invokeCallback (C:\Users\ZLSH01LT2304005\Documents\Repos\deans-server\node_modules\.pnpm\raw-body@2.5.2\node_modules\raw-body\index.js:238:16)
        at done (C:\Users\ZLSH01LT2304005\Documents\Repos\deans-server\node_modules\.pnpm\raw-body@2.5.2\node_modules\raw-body\index.js:227:7)
        at IncomingMessage.onEnd (C:\Users\ZLSH01LT2304005\Documents\Repos\deans-server\node_modules\.pnpm\raw-body@2.5.2\node_modules\raw-body\index.js:287:7)
        at IncomingMessage.emit (node:events:508:28)
        at endReadableNT (node:internal/streams/readable:1701:12)
        at processTicksAndRejections (node:internal/process/task_queues:89:21)

    [0m [90m 164 |[39m
     [90m 165 |[39m   } [36mcatch[39m (error) {
    [31m[1m>[22m[39m[90m 166 |[39m     console[33m.[39merror([32m'Login error:'[39m[33m,[39m error)[33m;[39m
     [90m     |[39m             [31m[1m^[22m[39m
     [90m 167 |[39m     res[33m.[39mstatus([35m500[39m)[33m.[39mjson({
     [90m 168 |[39m       error[33m:[39m [32m'Login failed'[39m[33m,[39m
     [90m 169 |[39m       message[33m:[39m error[33m.[39mmessage[0m

      at routes/auth.js:166:13
      at Layer.handle [as handle_request] (node_modules/.pnpm/express@4.21.2/node_modules/express/lib/router/layer.js:95:5)
      at next (node_modules/.pnpm/express@4.21.2/node_modules/express/lib/router/route.js:149:13)
      at Route.dispatch (node_modules/.pnpm/express@4.21.2/node_modules/express/lib/router/route.js:119:3)
      at Layer.handle [as handle_request] (node_modules/.pnpm/express@4.21.2/node_modules/express/lib/router/layer.js:95:5)
      at node_modules/.pnpm/express@4.21.2/node_modules/express/lib/router/index.js:284:15
      at router.process_params (node_modules/.pnpm/express@4.21.2/node_modules/express/lib/router/index.js:346:12)
      at next (node_modules/.pnpm/express@4.21.2/node_modules/express/lib/router/index.js:280:10)
      at router.handle (node_modules/.pnpm/express@4.21.2/node_modules/express/lib/router/index.js:175:3)
      at router (node_modules/.pnpm/express@4.21.2/node_modules/express/lib/router/index.js:47:12)
      at Layer.handle [as handle_request] (node_modules/.pnpm/express@4.21.2/node_modules/express/lib/router/layer.js:95:5)
      at trim_prefix (node_modules/.pnpm/express@4.21.2/node_modules/express/lib/router/index.js:328:13)
      at node_modules/.pnpm/express@4.21.2/node_modules/express/lib/router/index.js:286:9
      at router.process_params (node_modules/.pnpm/express@4.21.2/node_modules/express/lib/router/index.js:346:12)
      at next (node_modules/.pnpm/express@4.21.2/node_modules/express/lib/router/index.js:280:10)
      at urlencodedParser (node_modules/.pnpm/body-parser@1.20.3/node_modules/body-parser/lib/types/urlencoded.js:85:7)
      at Layer.handle [as handle_request] (node_modules/.pnpm/express@4.21.2/node_modules/express/lib/router/layer.js:95:5)
      at trim_prefix (node_modules/.pnpm/express@4.21.2/node_modules/express/lib/router/index.js:328:13)
      at node_modules/.pnpm/express@4.21.2/node_modules/express/lib/router/index.js:286:9
      at router.process_params (node_modules/.pnpm/express@4.21.2/node_modules/express/lib/router/index.js:346:12)
      at next (node_modules/.pnpm/express@4.21.2/node_modules/express/lib/router/index.js:280:10)
      at node_modules/.pnpm/body-parser@1.20.3/node_modules/body-parser/lib/read.js:137:5
      at invokeCallback (node_modules/.pnpm/raw-body@2.5.2/node_modules/raw-body/index.js:238:16)
      at done (node_modules/.pnpm/raw-body@2.5.2/node_modules/raw-body/index.js:227:7)
      at IncomingMessage.onEnd (node_modules/.pnpm/raw-body@2.5.2/node_modules/raw-body/index.js:287:7)

  console.error
    Login error: TypeError: prisma.user.findFirst is not a function
        at C:\Users\ZLSH01LT2304005\Documents\Repos\deans-server\routes\auth.js:87:36
        at Layer.handle [as handle_request] (C:\Users\ZLSH01LT2304005\Documents\Repos\deans-server\node_modules\.pnpm\express@4.21.2\node_modules\express\lib\router\layer.js:95:5)
        at next (C:\Users\ZLSH01LT2304005\Documents\Repos\deans-server\node_modules\.pnpm\express@4.21.2\node_modules\express\lib\router\route.js:149:13)
        at Route.dispatch (C:\Users\ZLSH01LT2304005\Documents\Repos\deans-server\node_modules\.pnpm\express@4.21.2\node_modules\express\lib\router\route.js:119:3)
        at Layer.handle [as handle_request] (C:\Users\ZLSH01LT2304005\Documents\Repos\deans-server\node_modules\.pnpm\express@4.21.2\node_modules\express\lib\router\layer.js:95:5)
        at C:\Users\ZLSH01LT2304005\Documents\Repos\deans-server\node_modules\.pnpm\express@4.21.2\node_modules\express\lib\router\index.js:284:15
        at router.process_params (C:\Users\ZLSH01LT2304005\Documents\Repos\deans-server\node_modules\.pnpm\express@4.21.2\node_modules\express\lib\router\index.js:346:12)
        at next (C:\Users\ZLSH01LT2304005\Documents\Repos\deans-server\node_modules\.pnpm\express@4.21.2\node_modules\express\lib\router\index.js:280:10)
        at router.handle (C:\Users\ZLSH01LT2304005\Documents\Repos\deans-server\node_modules\.pnpm\express@4.21.2\node_modules\express\lib\router\index.js:175:3)
        at router (C:\Users\ZLSH01LT2304005\Documents\Repos\deans-server\node_modules\.pnpm\express@4.21.2\node_modules\express\lib\router\index.js:47:12)
        at Layer.handle [as handle_request] (C:\Users\ZLSH01LT2304005\Documents\Repos\deans-server\node_modules\.pnpm\express@4.21.2\node_modules\express\lib\router\layer.js:95:5)
        at trim_prefix (C:\Users\ZLSH01LT2304005\Documents\Repos\deans-server\node_modules\.pnpm\express@4.21.2\node_modules\express\lib\router\index.js:328:13)
        at C:\Users\ZLSH01LT2304005\Documents\Repos\deans-server\node_modules\.pnpm\express@4.21.2\node_modules\express\lib\router\index.js:286:9
        at router.process_params (C:\Users\ZLSH01LT2304005\Documents\Repos\deans-server\node_modules\.pnpm\express@4.21.2\node_modules\express\lib\router\index.js:346:12)
        at next (C:\Users\ZLSH01LT2304005\Documents\Repos\deans-server\node_modules\.pnpm\express@4.21.2\node_modules\express\lib\router\index.js:280:10)
        at urlencodedParser (C:\Users\ZLSH01LT2304005\Documents\Repos\deans-server\node_modules\.pnpm\body-parser@1.20.3\node_modules\body-parser\lib\types\urlencoded.js:85:7)
        at Layer.handle [as handle_request] (C:\Users\ZLSH01LT2304005\Documents\Repos\deans-server\node_modules\.pnpm\express@4.21.2\node_modules\express\lib\router\layer.js:95:5)
        at trim_prefix (C:\Users\ZLSH01LT2304005\Documents\Repos\deans-server\node_modules\.pnpm\express@4.21.2\node_modules\express\lib\router\index.js:328:13)
        at C:\Users\ZLSH01LT2304005\Documents\Repos\deans-server\node_modules\.pnpm\express@4.21.2\node_modules\express\lib\router\index.js:286:9
        at router.process_params (C:\Users\ZLSH01LT2304005\Documents\Repos\deans-server\node_modules\.pnpm\express@4.21.2\node_modules\express\lib\router\index.js:346:12)
        at next (C:\Users\ZLSH01LT2304005\Documents\Repos\deans-server\node_modules\.pnpm\express@4.21.2\node_modules\express\lib\router\index.js:280:10)
        at C:\Users\ZLSH01LT2304005\Documents\Repos\deans-server\node_modules\.pnpm\body-parser@1.20.3\node_modules\body-parser\lib\read.js:137:5
        at AsyncResource.runInAsyncScope (node:async_hooks:214:14)
        at invokeCallback (C:\Users\ZLSH01LT2304005\Documents\Repos\deans-server\node_modules\.pnpm\raw-body@2.5.2\node_modules\raw-body\index.js:238:16)
        at done (C:\Users\ZLSH01LT2304005\Documents\Repos\deans-server\node_modules\.pnpm\raw-body@2.5.2\node_modules\raw-body\index.js:227:7)
        at IncomingMessage.onEnd (C:\Users\ZLSH01LT2304005\Documents\Repos\deans-server\node_modules\.pnpm\raw-body@2.5.2\node_modules\raw-body\index.js:287:7)
        at IncomingMessage.emit (node:events:508:28)
        at endReadableNT (node:internal/streams/readable:1701:12)
        at processTicksAndRejections (node:internal/process/task_queues:89:21)

    [0m [90m 164 |[39m
     [90m 165 |[39m   } [36mcatch[39m (error) {
    [31m[1m>[22m[39m[90m 166 |[39m     console[33m.[39merror([32m'Login error:'[39m[33m,[39m error)[33m;[39m
     [90m     |[39m             [31m[1m^[22m[39m
     [90m 167 |[39m     res[33m.[39mstatus([35m500[39m)[33m.[39mjson({
     [90m 168 |[39m       error[33m:[39m [32m'Login failed'[39m[33m,[39m
     [90m 169 |[39m       message[33m:[39m error[33m.[39mmessage[0m

      at routes/auth.js:166:13
      at Layer.handle [as handle_request] (node_modules/.pnpm/express@4.21.2/node_modules/express/lib/router/layer.js:95:5)
      at next (node_modules/.pnpm/express@4.21.2/node_modules/express/lib/router/route.js:149:13)
      at Route.dispatch (node_modules/.pnpm/express@4.21.2/node_modules/express/lib/router/route.js:119:3)
      at Layer.handle [as handle_request] (node_modules/.pnpm/express@4.21.2/node_modules/express/lib/router/layer.js:95:5)
      at node_modules/.pnpm/express@4.21.2/node_modules/express/lib/router/index.js:284:15
      at router.process_params (node_modules/.pnpm/express@4.21.2/node_modules/express/lib/router/index.js:346:12)
      at next (node_modules/.pnpm/express@4.21.2/node_modules/express/lib/router/index.js:280:10)
      at router.handle (node_modules/.pnpm/express@4.21.2/node_modules/express/lib/router/index.js:175:3)
      at router (node_modules/.pnpm/express@4.21.2/node_modules/express/lib/router/index.js:47:12)
      at Layer.handle [as handle_request] (node_modules/.pnpm/express@4.21.2/node_modules/express/lib/router/layer.js:95:5)
      at trim_prefix (node_modules/.pnpm/express@4.21.2/node_modules/express/lib/router/index.js:328:13)
      at node_modules/.pnpm/express@4.21.2/node_modules/express/lib/router/index.js:286:9
      at router.process_params (node_modules/.pnpm/express@4.21.2/node_modules/express/lib/router/index.js:346:12)
      at next (node_modules/.pnpm/express@4.21.2/node_modules/express/lib/router/index.js:280:10)
      at urlencodedParser (node_modules/.pnpm/body-parser@1.20.3/node_modules/body-parser/lib/types/urlencoded.js:85:7)
      at Layer.handle [as handle_request] (node_modules/.pnpm/express@4.21.2/node_modules/express/lib/router/layer.js:95:5)
      at trim_prefix (node_modules/.pnpm/express@4.21.2/node_modules/express/lib/router/index.js:328:13)
      at node_modules/.pnpm/express@4.21.2/node_modules/express/lib/router/index.js:286:9
      at router.process_params (node_modules/.pnpm/express@4.21.2/node_modules/express/lib/router/index.js:346:12)
      at next (node_modules/.pnpm/express@4.21.2/node_modules/express/lib/router/index.js:280:10)
      at node_modules/.pnpm/body-parser@1.20.3/node_modules/body-parser/lib/read.js:137:5
      at invokeCallback (node_modules/.pnpm/raw-body@2.5.2/node_modules/raw-body/index.js:238:16)
      at done (node_modules/.pnpm/raw-body@2.5.2/node_modules/raw-body/index.js:227:7)
      at IncomingMessage.onEnd (node_modules/.pnpm/raw-body@2.5.2/node_modules/raw-body/index.js:287:7)

  console.error
    Login error: TypeError: prisma.user.findFirst is not a function
        at C:\Users\ZLSH01LT2304005\Documents\Repos\deans-server\routes\auth.js:87:36
        at Layer.handle [as handle_request] (C:\Users\ZLSH01LT2304005\Documents\Repos\deans-server\node_modules\.pnpm\express@4.21.2\node_modules\express\lib\router\layer.js:95:5)
        at next (C:\Users\ZLSH01LT2304005\Documents\Repos\deans-server\node_modules\.pnpm\express@4.21.2\node_modules\express\lib\router\route.js:149:13)
        at Route.dispatch (C:\Users\ZLSH01LT2304005\Documents\Repos\deans-server\node_modules\.pnpm\express@4.21.2\node_modules\express\lib\router\route.js:119:3)
        at Layer.handle [as handle_request] (C:\Users\ZLSH01LT2304005\Documents\Repos\deans-server\node_modules\.pnpm\express@4.21.2\node_modules\express\lib\router\layer.js:95:5)
        at C:\Users\ZLSH01LT2304005\Documents\Repos\deans-server\node_modules\.pnpm\express@4.21.2\node_modules\express\lib\router\index.js:284:15
        at router.process_params (C:\Users\ZLSH01LT2304005\Documents\Repos\deans-server\node_modules\.pnpm\express@4.21.2\node_modules\express\lib\router\index.js:346:12)
        at next (C:\Users\ZLSH01LT2304005\Documents\Repos\deans-server\node_modules\.pnpm\express@4.21.2\node_modules\express\lib\router\index.js:280:10)
        at router.handle (C:\Users\ZLSH01LT2304005\Documents\Repos\deans-server\node_modules\.pnpm\express@4.21.2\node_modules\express\lib\router\index.js:175:3)
        at router (C:\Users\ZLSH01LT2304005\Documents\Repos\deans-server\node_modules\.pnpm\express@4.21.2\node_modules\express\lib\router\index.js:47:12)
        at Layer.handle [as handle_request] (C:\Users\ZLSH01LT2304005\Documents\Repos\deans-server\node_modules\.pnpm\express@4.21.2\node_modules\express\lib\router\layer.js:95:5)
        at trim_prefix (C:\Users\ZLSH01LT2304005\Documents\Repos\deans-server\node_modules\.pnpm\express@4.21.2\node_modules\express\lib\router\index.js:328:13)
        at C:\Users\ZLSH01LT2304005\Documents\Repos\deans-server\node_modules\.pnpm\express@4.21.2\node_modules\express\lib\router\index.js:286:9
        at router.process_params (C:\Users\ZLSH01LT2304005\Documents\Repos\deans-server\node_modules\.pnpm\express@4.21.2\node_modules\express\lib\router\index.js:346:12)
        at next (C:\Users\ZLSH01LT2304005\Documents\Repos\deans-server\node_modules\.pnpm\express@4.21.2\node_modules\express\lib\router\index.js:280:10)
        at urlencodedParser (C:\Users\ZLSH01LT2304005\Documents\Repos\deans-server\node_modules\.pnpm\body-parser@1.20.3\node_modules\body-parser\lib\types\urlencoded.js:85:7)
        at Layer.handle [as handle_request] (C:\Users\ZLSH01LT2304005\Documents\Repos\deans-server\node_modules\.pnpm\express@4.21.2\node_modules\express\lib\router\layer.js:95:5)
        at trim_prefix (C:\Users\ZLSH01LT2304005\Documents\Repos\deans-server\node_modules\.pnpm\express@4.21.2\node_modules\express\lib\router\index.js:328:13)
        at C:\Users\ZLSH01LT2304005\Documents\Repos\deans-server\node_modules\.pnpm\express@4.21.2\node_modules\express\lib\router\index.js:286:9
        at router.process_params (C:\Users\ZLSH01LT2304005\Documents\Repos\deans-server\node_modules\.pnpm\express@4.21.2\node_modules\express\lib\router\index.js:346:12)
        at next (C:\Users\ZLSH01LT2304005\Documents\Repos\deans-server\node_modules\.pnpm\express@4.21.2\node_modules\express\lib\router\index.js:280:10)
        at C:\Users\ZLSH01LT2304005\Documents\Repos\deans-server\node_modules\.pnpm\body-parser@1.20.3\node_modules\body-parser\lib\read.js:137:5
        at AsyncResource.runInAsyncScope (node:async_hooks:214:14)
        at invokeCallback (C:\Users\ZLSH01LT2304005\Documents\Repos\deans-server\node_modules\.pnpm\raw-body@2.5.2\node_modules\raw-body\index.js:238:16)
        at done (C:\Users\ZLSH01LT2304005\Documents\Repos\deans-server\node_modules\.pnpm\raw-body@2.5.2\node_modules\raw-body\index.js:227:7)
        at IncomingMessage.onEnd (C:\Users\ZLSH01LT2304005\Documents\Repos\deans-server\node_modules\.pnpm\raw-body@2.5.2\node_modules\raw-body\index.js:287:7)
        at IncomingMessage.emit (node:events:508:28)
        at endReadableNT (node:internal/streams/readable:1701:12)
        at processTicksAndRejections (node:internal/process/task_queues:89:21)

    [0m [90m 164 |[39m
     [90m 165 |[39m   } [36mcatch[39m (error) {
    [31m[1m>[22m[39m[90m 166 |[39m     console[33m.[39merror([32m'Login error:'[39m[33m,[39m error)[33m;[39m
     [90m     |[39m             [31m[1m^[22m[39m
     [90m 167 |[39m     res[33m.[39mstatus([35m500[39m)[33m.[39mjson({
     [90m 168 |[39m       error[33m:[39m [32m'Login failed'[39m[33m,[39m
     [90m 169 |[39m       message[33m:[39m error[33m.[39mmessage[0m

      at routes/auth.js:166:13
      at Layer.handle [as handle_request] (node_modules/.pnpm/express@4.21.2/node_modules/express/lib/router/layer.js:95:5)
      at next (node_modules/.pnpm/express@4.21.2/node_modules/express/lib/router/route.js:149:13)
      at Route.dispatch (node_modules/.pnpm/express@4.21.2/node_modules/express/lib/router/route.js:119:3)
      at Layer.handle [as handle_request] (node_modules/.pnpm/express@4.21.2/node_modules/express/lib/router/layer.js:95:5)
      at node_modules/.pnpm/express@4.21.2/node_modules/express/lib/router/index.js:284:15
      at router.process_params (node_modules/.pnpm/express@4.21.2/node_modules/express/lib/router/index.js:346:12)
      at next (node_modules/.pnpm/express@4.21.2/node_modules/express/lib/router/index.js:280:10)
      at router.handle (node_modules/.pnpm/express@4.21.2/node_modules/express/lib/router/index.js:175:3)
      at router (node_modules/.pnpm/express@4.21.2/node_modules/express/lib/router/index.js:47:12)
      at Layer.handle [as handle_request] (node_modules/.pnpm/express@4.21.2/node_modules/express/lib/router/layer.js:95:5)
      at trim_prefix (node_modules/.pnpm/express@4.21.2/node_modules/express/lib/router/index.js:328:13)
      at node_modules/.pnpm/express@4.21.2/node_modules/express/lib/router/index.js:286:9
      at router.process_params (node_modules/.pnpm/express@4.21.2/node_modules/express/lib/router/index.js:346:12)
      at next (node_modules/.pnpm/express@4.21.2/node_modules/express/lib/router/index.js:280:10)
      at urlencodedParser (node_modules/.pnpm/body-parser@1.20.3/node_modules/body-parser/lib/types/urlencoded.js:85:7)
      at Layer.handle [as handle_request] (node_modules/.pnpm/express@4.21.2/node_modules/express/lib/router/layer.js:95:5)
      at trim_prefix (node_modules/.pnpm/express@4.21.2/node_modules/express/lib/router/index.js:328:13)
      at node_modules/.pnpm/express@4.21.2/node_modules/express/lib/router/index.js:286:9
      at router.process_params (node_modules/.pnpm/express@4.21.2/node_modules/express/lib/router/index.js:346:12)
      at next (node_modules/.pnpm/express@4.21.2/node_modules/express/lib/router/index.js:280:10)
      at node_modules/.pnpm/body-parser@1.20.3/node_modules/body-parser/lib/read.js:137:5
      at invokeCallback (node_modules/.pnpm/raw-body@2.5.2/node_modules/raw-body/index.js:238:16)
      at done (node_modules/.pnpm/raw-body@2.5.2/node_modules/raw-body/index.js:227:7)
      at IncomingMessage.onEnd (node_modules/.pnpm/raw-body@2.5.2/node_modules/raw-body/index.js:287:7)

  console.error
    Login error: TypeError: prisma.user.findFirst is not a function
        at C:\Users\ZLSH01LT2304005\Documents\Repos\deans-server\routes\auth.js:87:36
        at Layer.handle [as handle_request] (C:\Users\ZLSH01LT2304005\Documents\Repos\deans-server\node_modules\.pnpm\express@4.21.2\node_modules\express\lib\router\layer.js:95:5)
        at next (C:\Users\ZLSH01LT2304005\Documents\Repos\deans-server\node_modules\.pnpm\express@4.21.2\node_modules\express\lib\router\route.js:149:13)
        at Route.dispatch (C:\Users\ZLSH01LT2304005\Documents\Repos\deans-server\node_modules\.pnpm\express@4.21.2\node_modules\express\lib\router\route.js:119:3)
        at Layer.handle [as handle_request] (C:\Users\ZLSH01LT2304005\Documents\Repos\deans-server\node_modules\.pnpm\express@4.21.2\node_modules\express\lib\router\layer.js:95:5)
        at C:\Users\ZLSH01LT2304005\Documents\Repos\deans-server\node_modules\.pnpm\express@4.21.2\node_modules\express\lib\router\index.js:284:15
        at router.process_params (C:\Users\ZLSH01LT2304005\Documents\Repos\deans-server\node_modules\.pnpm\express@4.21.2\node_modules\express\lib\router\index.js:346:12)
        at next (C:\Users\ZLSH01LT2304005\Documents\Repos\deans-server\node_modules\.pnpm\express@4.21.2\node_modules\express\lib\router\index.js:280:10)
        at router.handle (C:\Users\ZLSH01LT2304005\Documents\Repos\deans-server\node_modules\.pnpm\express@4.21.2\node_modules\express\lib\router\index.js:175:3)
        at router (C:\Users\ZLSH01LT2304005\Documents\Repos\deans-server\node_modules\.pnpm\express@4.21.2\node_modules\express\lib\router\index.js:47:12)
        at Layer.handle [as handle_request] (C:\Users\ZLSH01LT2304005\Documents\Repos\deans-server\node_modules\.pnpm\express@4.21.2\node_modules\express\lib\router\layer.js:95:5)
        at trim_prefix (C:\Users\ZLSH01LT2304005\Documents\Repos\deans-server\node_modules\.pnpm\express@4.21.2\node_modules\express\lib\router\index.js:328:13)
        at C:\Users\ZLSH01LT2304005\Documents\Repos\deans-server\node_modules\.pnpm\express@4.21.2\node_modules\express\lib\router\index.js:286:9
        at router.process_params (C:\Users\ZLSH01LT2304005\Documents\Repos\deans-server\node_modules\.pnpm\express@4.21.2\node_modules\express\lib\router\index.js:346:12)
        at next (C:\Users\ZLSH01LT2304005\Documents\Repos\deans-server\node_modules\.pnpm\express@4.21.2\node_modules\express\lib\router\index.js:280:10)
        at urlencodedParser (C:\Users\ZLSH01LT2304005\Documents\Repos\deans-server\node_modules\.pnpm\body-parser@1.20.3\node_modules\body-parser\lib\types\urlencoded.js:85:7)
        at Layer.handle [as handle_request] (C:\Users\ZLSH01LT2304005\Documents\Repos\deans-server\node_modules\.pnpm\express@4.21.2\node_modules\express\lib\router\layer.js:95:5)
        at trim_prefix (C:\Users\ZLSH01LT2304005\Documents\Repos\deans-server\node_modules\.pnpm\express@4.21.2\node_modules\express\lib\router\index.js:328:13)
        at C:\Users\ZLSH01LT2304005\Documents\Repos\deans-server\node_modules\.pnpm\express@4.21.2\node_modules\express\lib\router\index.js:286:9
        at router.process_params (C:\Users\ZLSH01LT2304005\Documents\Repos\deans-server\node_modules\.pnpm\express@4.21.2\node_modules\express\lib\router\index.js:346:12)
        at next (C:\Users\ZLSH01LT2304005\Documents\Repos\deans-server\node_modules\.pnpm\express@4.21.2\node_modules\express\lib\router\index.js:280:10)
        at C:\Users\ZLSH01LT2304005\Documents\Repos\deans-server\node_modules\.pnpm\body-parser@1.20.3\node_modules\body-parser\lib\read.js:137:5
        at AsyncResource.runInAsyncScope (node:async_hooks:214:14)
        at invokeCallback (C:\Users\ZLSH01LT2304005\Documents\Repos\deans-server\node_modules\.pnpm\raw-body@2.5.2\node_modules\raw-body\index.js:238:16)
        at done (C:\Users\ZLSH01LT2304005\Documents\Repos\deans-server\node_modules\.pnpm\raw-body@2.5.2\node_modules\raw-body\index.js:227:7)
        at IncomingMessage.onEnd (C:\Users\ZLSH01LT2304005\Documents\Repos\deans-server\node_modules\.pnpm\raw-body@2.5.2\node_modules\raw-body\index.js:287:7)
        at IncomingMessage.emit (node:events:508:28)
        at endReadableNT (node:internal/streams/readable:1701:12)
        at processTicksAndRejections (node:internal/process/task_queues:89:21)

    [0m [90m 164 |[39m
     [90m 165 |[39m   } [36mcatch[39m (error) {
    [31m[1m>[22m[39m[90m 166 |[39m     console[33m.[39merror([32m'Login error:'[39m[33m,[39m error)[33m;[39m
     [90m     |[39m             [31m[1m^[22m[39m
     [90m 167 |[39m     res[33m.[39mstatus([35m500[39m)[33m.[39mjson({
     [90m 168 |[39m       error[33m:[39m [32m'Login failed'[39m[33m,[39m
     [90m 169 |[39m       message[33m:[39m error[33m.[39mmessage[0m

      at routes/auth.js:166:13
      at Layer.handle [as handle_request] (node_modules/.pnpm/express@4.21.2/node_modules/express/lib/router/layer.js:95:5)
      at next (node_modules/.pnpm/express@4.21.2/node_modules/express/lib/router/route.js:149:13)
      at Route.dispatch (node_modules/.pnpm/express@4.21.2/node_modules/express/lib/router/route.js:119:3)
      at Layer.handle [as handle_request] (node_modules/.pnpm/express@4.21.2/node_modules/express/lib/router/layer.js:95:5)
      at node_modules/.pnpm/express@4.21.2/node_modules/express/lib/router/index.js:284:15
      at router.process_params (node_modules/.pnpm/express@4.21.2/node_modules/express/lib/router/index.js:346:12)
      at next (node_modules/.pnpm/express@4.21.2/node_modules/express/lib/router/index.js:280:10)
      at router.handle (node_modules/.pnpm/express@4.21.2/node_modules/express/lib/router/index.js:175:3)
      at router (node_modules/.pnpm/express@4.21.2/node_modules/express/lib/router/index.js:47:12)
      at Layer.handle [as handle_request] (node_modules/.pnpm/express@4.21.2/node_modules/express/lib/router/layer.js:95:5)
      at trim_prefix (node_modules/.pnpm/express@4.21.2/node_modules/express/lib/router/index.js:328:13)
      at node_modules/.pnpm/express@4.21.2/node_modules/express/lib/router/index.js:286:9
      at router.process_params (node_modules/.pnpm/express@4.21.2/node_modules/express/lib/router/index.js:346:12)
      at next (node_modules/.pnpm/express@4.21.2/node_modules/express/lib/router/index.js:280:10)
      at urlencodedParser (node_modules/.pnpm/body-parser@1.20.3/node_modules/body-parser/lib/types/urlencoded.js:85:7)
      at Layer.handle [as handle_request] (node_modules/.pnpm/express@4.21.2/node_modules/express/lib/router/layer.js:95:5)
      at trim_prefix (node_modules/.pnpm/express@4.21.2/node_modules/express/lib/router/index.js:328:13)
      at node_modules/.pnpm/express@4.21.2/node_modules/express/lib/router/index.js:286:9
      at router.process_params (node_modules/.pnpm/express@4.21.2/node_modules/express/lib/router/index.js:346:12)
      at next (node_modules/.pnpm/express@4.21.2/node_modules/express/lib/router/index.js:280:10)
      at node_modules/.pnpm/body-parser@1.20.3/node_modules/body-parser/lib/read.js:137:5
      at invokeCallback (node_modules/.pnpm/raw-body@2.5.2/node_modules/raw-body/index.js:238:16)
      at done (node_modules/.pnpm/raw-body@2.5.2/node_modules/raw-body/index.js:227:7)
      at IncomingMessage.onEnd (node_modules/.pnpm/raw-body@2.5.2/node_modules/raw-body/index.js:287:7)

  console.error
    Login error: TypeError: prisma.user.findFirst is not a function
        at C:\Users\ZLSH01LT2304005\Documents\Repos\deans-server\routes\auth.js:87:36
        at Layer.handle [as handle_request] (C:\Users\ZLSH01LT2304005\Documents\Repos\deans-server\node_modules\.pnpm\express@4.21.2\node_modules\express\lib\router\layer.js:95:5)
        at next (C:\Users\ZLSH01LT2304005\Documents\Repos\deans-server\node_modules\.pnpm\express@4.21.2\node_modules\express\lib\router\route.js:149:13)
        at Route.dispatch (C:\Users\ZLSH01LT2304005\Documents\Repos\deans-server\node_modules\.pnpm\express@4.21.2\node_modules\express\lib\router\route.js:119:3)
        at Layer.handle [as handle_request] (C:\Users\ZLSH01LT2304005\Documents\Repos\deans-server\node_modules\.pnpm\express@4.21.2\node_modules\express\lib\router\layer.js:95:5)
        at C:\Users\ZLSH01LT2304005\Documents\Repos\deans-server\node_modules\.pnpm\express@4.21.2\node_modules\express\lib\router\index.js:284:15
        at router.process_params (C:\Users\ZLSH01LT2304005\Documents\Repos\deans-server\node_modules\.pnpm\express@4.21.2\node_modules\express\lib\router\index.js:346:12)
        at next (C:\Users\ZLSH01LT2304005\Documents\Repos\deans-server\node_modules\.pnpm\express@4.21.2\node_modules\express\lib\router\index.js:280:10)
        at router.handle (C:\Users\ZLSH01LT2304005\Documents\Repos\deans-server\node_modules\.pnpm\express@4.21.2\node_modules\express\lib\router\index.js:175:3)
        at router (C:\Users\ZLSH01LT2304005\Documents\Repos\deans-server\node_modules\.pnpm\express@4.21.2\node_modules\express\lib\router\index.js:47:12)
        at Layer.handle [as handle_request] (C:\Users\ZLSH01LT2304005\Documents\Repos\deans-server\node_modules\.pnpm\express@4.21.2\node_modules\express\lib\router\layer.js:95:5)
        at trim_prefix (C:\Users\ZLSH01LT2304005\Documents\Repos\deans-server\node_modules\.pnpm\express@4.21.2\node_modules\express\lib\router\index.js:328:13)
        at C:\Users\ZLSH01LT2304005\Documents\Repos\deans-server\node_modules\.pnpm\express@4.21.2\node_modules\express\lib\router\index.js:286:9
        at router.process_params (C:\Users\ZLSH01LT2304005\Documents\Repos\deans-server\node_modules\.pnpm\express@4.21.2\node_modules\express\lib\router\index.js:346:12)
        at next (C:\Users\ZLSH01LT2304005\Documents\Repos\deans-server\node_modules\.pnpm\express@4.21.2\node_modules\express\lib\router\index.js:280:10)
        at urlencodedParser (C:\Users\ZLSH01LT2304005\Documents\Repos\deans-server\node_modules\.pnpm\body-parser@1.20.3\node_modules\body-parser\lib\types\urlencoded.js:85:7)
        at Layer.handle [as handle_request] (C:\Users\ZLSH01LT2304005\Documents\Repos\deans-server\node_modules\.pnpm\express@4.21.2\node_modules\express\lib\router\layer.js:95:5)
        at trim_prefix (C:\Users\ZLSH01LT2304005\Documents\Repos\deans-server\node_modules\.pnpm\express@4.21.2\node_modules\express\lib\router\index.js:328:13)
        at C:\Users\ZLSH01LT2304005\Documents\Repos\deans-server\node_modules\.pnpm\express@4.21.2\node_modules\express\lib\router\index.js:286:9
        at router.process_params (C:\Users\ZLSH01LT2304005\Documents\Repos\deans-server\node_modules\.pnpm\express@4.21.2\node_modules\express\lib\router\index.js:346:12)
        at next (C:\Users\ZLSH01LT2304005\Documents\Repos\deans-server\node_modules\.pnpm\express@4.21.2\node_modules\express\lib\router\index.js:280:10)
        at C:\Users\ZLSH01LT2304005\Documents\Repos\deans-server\node_modules\.pnpm\body-parser@1.20.3\node_modules\body-parser\lib\read.js:137:5
        at AsyncResource.runInAsyncScope (node:async_hooks:214:14)
        at invokeCallback (C:\Users\ZLSH01LT2304005\Documents\Repos\deans-server\node_modules\.pnpm\raw-body@2.5.2\node_modules\raw-body\index.js:238:16)
        at done (C:\Users\ZLSH01LT2304005\Documents\Repos\deans-server\node_modules\.pnpm\raw-body@2.5.2\node_modules\raw-body\index.js:227:7)
        at IncomingMessage.onEnd (C:\Users\ZLSH01LT2304005\Documents\Repos\deans-server\node_modules\.pnpm\raw-body@2.5.2\node_modules\raw-body\index.js:287:7)
        at IncomingMessage.emit (node:events:508:28)
        at endReadableNT (node:internal/streams/readable:1701:12)
        at processTicksAndRejections (node:internal/process/task_queues:89:21)

    [0m [90m 164 |[39m
     [90m 165 |[39m   } [36mcatch[39m (error) {
    [31m[1m>[22m[39m[90m 166 |[39m     console[33m.[39merror([32m'Login error:'[39m[33m,[39m error)[33m;[39m
     [90m     |[39m             [31m[1m^[22m[39m
     [90m 167 |[39m     res[33m.[39mstatus([35m500[39m)[33m.[39mjson({
     [90m 168 |[39m       error[33m:[39m [32m'Login failed'[39m[33m,[39m
     [90m 169 |[39m       message[33m:[39m error[33m.[39mmessage[0m

      at routes/auth.js:166:13
      at Layer.handle [as handle_request] (node_modules/.pnpm/express@4.21.2/node_modules/express/lib/router/layer.js:95:5)
      at next (node_modules/.pnpm/express@4.21.2/node_modules/express/lib/router/route.js:149:13)
      at Route.dispatch (node_modules/.pnpm/express@4.21.2/node_modules/express/lib/router/route.js:119:3)
      at Layer.handle [as handle_request] (node_modules/.pnpm/express@4.21.2/node_modules/express/lib/router/layer.js:95:5)
      at node_modules/.pnpm/express@4.21.2/node_modules/express/lib/router/index.js:284:15
      at router.process_params (node_modules/.pnpm/express@4.21.2/node_modules/express/lib/router/index.js:346:12)
      at next (node_modules/.pnpm/express@4.21.2/node_modules/express/lib/router/index.js:280:10)
      at router.handle (node_modules/.pnpm/express@4.21.2/node_modules/express/lib/router/index.js:175:3)
      at router (node_modules/.pnpm/express@4.21.2/node_modules/express/lib/router/index.js:47:12)
      at Layer.handle [as handle_request] (node_modules/.pnpm/express@4.21.2/node_modules/express/lib/router/layer.js:95:5)
      at trim_prefix (node_modules/.pnpm/express@4.21.2/node_modules/express/lib/router/index.js:328:13)
      at node_modules/.pnpm/express@4.21.2/node_modules/express/lib/router/index.js:286:9
      at router.process_params (node_modules/.pnpm/express@4.21.2/node_modules/express/lib/router/index.js:346:12)
      at next (node_modules/.pnpm/express@4.21.2/node_modules/express/lib/router/index.js:280:10)
      at urlencodedParser (node_modules/.pnpm/body-parser@1.20.3/node_modules/body-parser/lib/types/urlencoded.js:85:7)
      at Layer.handle [as handle_request] (node_modules/.pnpm/express@4.21.2/node_modules/express/lib/router/layer.js:95:5)
      at trim_prefix (node_modules/.pnpm/express@4.21.2/node_modules/express/lib/router/index.js:328:13)
      at node_modules/.pnpm/express@4.21.2/node_modules/express/lib/router/index.js:286:9
      at router.process_params (node_modules/.pnpm/express@4.21.2/node_modules/express/lib/router/index.js:346:12)
      at next (node_modules/.pnpm/express@4.21.2/node_modules/express/lib/router/index.js:280:10)
      at node_modules/.pnpm/body-parser@1.20.3/node_modules/body-parser/lib/read.js:137:5
      at invokeCallback (node_modules/.pnpm/raw-body@2.5.2/node_modules/raw-body/index.js:238:16)
      at done (node_modules/.pnpm/raw-body@2.5.2/node_modules/raw-body/index.js:227:7)
      at IncomingMessage.onEnd (node_modules/.pnpm/raw-body@2.5.2/node_modules/raw-body/index.js:287:7)

  console.error
    Verify error: Error: Database error
        at Object.<anonymous> (C:\Users\ZLSH01LT2304005\Documents\Repos\deans-server\tests\auth\auth.test.js:451:60)
        at Promise.finally.completed (C:\Users\ZLSH01LT2304005\Documents\Repos\deans-server\node_modules\.pnpm\jest-circus@30.2.0\node_modules\jest-circus\build\jestAdapterInit.js:1557:28)
        at new Promise (<anonymous>)
        at callAsyncCircusFn (C:\Users\ZLSH01LT2304005\Documents\Repos\deans-server\node_modules\.pnpm\jest-circus@30.2.0\node_modules\jest-circus\build\jestAdapterInit.js:1497:10)
        at _callCircusTest (C:\Users\ZLSH01LT2304005\Documents\Repos\deans-server\node_modules\.pnpm\jest-circus@30.2.0\node_modules\jest-circus\build\jestAdapterInit.js:1007:40)
        at processTicksAndRejections (node:internal/process/task_queues:103:5)
        at _runTest (C:\Users\ZLSH01LT2304005\Documents\Repos\deans-server\node_modules\.pnpm\jest-circus@30.2.0\node_modules\jest-circus\build\jestAdapterInit.js:947:3)
        at C:\Users\ZLSH01LT2304005\Documents\Repos\deans-server\node_modules\.pnpm\jest-circus@30.2.0\node_modules\jest-circus\build\jestAdapterInit.js:849:7
        at _runTestsForDescribeBlock (C:\Users\ZLSH01LT2304005\Documents\Repos\deans-server\node_modules\.pnpm\jest-circus@30.2.0\node_modules\jest-circus\build\jestAdapterInit.js:862:11)
        at _runTestsForDescribeBlock (C:\Users\ZLSH01LT2304005\Documents\Repos\deans-server\node_modules\.pnpm\jest-circus@30.2.0\node_modules\jest-circus\build\jestAdapterInit.js:857:11)
        at _runTestsForDescribeBlock (C:\Users\ZLSH01LT2304005\Documents\Repos\deans-server\node_modules\.pnpm\jest-circus@30.2.0\node_modules\jest-circus\build\jestAdapterInit.js:857:11)
        at _runTestsForDescribeBlock (C:\Users\ZLSH01LT2304005\Documents\Repos\deans-server\node_modules\.pnpm\jest-circus@30.2.0\node_modules\jest-circus\build\jestAdapterInit.js:857:11)
        at run (C:\Users\ZLSH01LT2304005\Documents\Repos\deans-server\node_modules\.pnpm\jest-circus@30.2.0\node_modules\jest-circus\build\jestAdapterInit.js:761:3)
        at runAndTransformResultsToJestFormat (C:\Users\ZLSH01LT2304005\Documents\Repos\deans-server\node_modules\.pnpm\jest-circus@30.2.0\node_modules\jest-circus\build\jestAdapterInit.js:1918:21)
        at jestAdapter (C:\Users\ZLSH01LT2304005\Documents\Repos\deans-server\node_modules\.pnpm\jest-circus@30.2.0\node_modules\jest-circus\build\runner.js:101:19)
        at runTestInternal (C:\Users\ZLSH01LT2304005\Documents\Repos\deans-server\node_modules\.pnpm\jest-runner@30.2.0\node_modules\jest-runner\build\index.js:275:16)
        at runTest (C:\Users\ZLSH01LT2304005\Documents\Repos\deans-server\node_modules\.pnpm\jest-runner@30.2.0\node_modules\jest-runner\build\index.js:343:7)

    [0m [90m 245 |[39m
     [90m 246 |[39m   } [36mcatch[39m (error) {
    [31m[1m>[22m[39m[90m 247 |[39m     console[33m.[39merror([32m'Verify error:'[39m[33m,[39m error)[33m;[39m
     [90m     |[39m             [31m[1m^[22m[39m
     [90m 248 |[39m     res[33m.[39mstatus([35m500[39m)[33m.[39mjson({
     [90m 249 |[39m       error[33m:[39m [32m'Verification failed'[39m[33m,[39m
     [90m 250 |[39m       message[33m:[39m error[33m.[39mmessage[0m

      at routes/auth.js:247:13

  console.error
    Login error: TypeError: prisma.user.findFirst is not a function
        at C:\Users\ZLSH01LT2304005\Documents\Repos\deans-server\routes\auth.js:87:36
        at Layer.handle [as handle_request] (C:\Users\ZLSH01LT2304005\Documents\Repos\deans-server\node_modules\.pnpm\express@4.21.2\node_modules\express\lib\router\layer.js:95:5)
        at next (C:\Users\ZLSH01LT2304005\Documents\Repos\deans-server\node_modules\.pnpm\express@4.21.2\node_modules\express\lib\router\route.js:149:13)
        at Route.dispatch (C:\Users\ZLSH01LT2304005\Documents\Repos\deans-server\node_modules\.pnpm\express@4.21.2\node_modules\express\lib\router\route.js:119:3)
        at Layer.handle [as handle_request] (C:\Users\ZLSH01LT2304005\Documents\Repos\deans-server\node_modules\.pnpm\express@4.21.2\node_modules\express\lib\router\layer.js:95:5)
        at C:\Users\ZLSH01LT2304005\Documents\Repos\deans-server\node_modules\.pnpm\express@4.21.2\node_modules\express\lib\router\index.js:284:15
        at router.process_params (C:\Users\ZLSH01LT2304005\Documents\Repos\deans-server\node_modules\.pnpm\express@4.21.2\node_modules\express\lib\router\index.js:346:12)
        at next (C:\Users\ZLSH01LT2304005\Documents\Repos\deans-server\node_modules\.pnpm\express@4.21.2\node_modules\express\lib\router\index.js:280:10)
        at router.handle (C:\Users\ZLSH01LT2304005\Documents\Repos\deans-server\node_modules\.pnpm\express@4.21.2\node_modules\express\lib\router\index.js:175:3)
        at router (C:\Users\ZLSH01LT2304005\Documents\Repos\deans-server\node_modules\.pnpm\express@4.21.2\node_modules\express\lib\router\index.js:47:12)
        at Layer.handle [as handle_request] (C:\Users\ZLSH01LT2304005\Documents\Repos\deans-server\node_modules\.pnpm\express@4.21.2\node_modules\express\lib\router\layer.js:95:5)
        at trim_prefix (C:\Users\ZLSH01LT2304005\Documents\Repos\deans-server\node_modules\.pnpm\express@4.21.2\node_modules\express\lib\router\index.js:328:13)
        at C:\Users\ZLSH01LT2304005\Documents\Repos\deans-server\node_modules\.pnpm\express@4.21.2\node_modules\express\lib\router\index.js:286:9
        at router.process_params (C:\Users\ZLSH01LT2304005\Documents\Repos\deans-server\node_modules\.pnpm\express@4.21.2\node_modules\express\lib\router\index.js:346:12)
        at next (C:\Users\ZLSH01LT2304005\Documents\Repos\deans-server\node_modules\.pnpm\express@4.21.2\node_modules\express\lib\router\index.js:280:10)
        at urlencodedParser (C:\Users\ZLSH01LT2304005\Documents\Repos\deans-server\node_modules\.pnpm\body-parser@1.20.3\node_modules\body-parser\lib\types\urlencoded.js:85:7)
        at Layer.handle [as handle_request] (C:\Users\ZLSH01LT2304005\Documents\Repos\deans-server\node_modules\.pnpm\express@4.21.2\node_modules\express\lib\router\layer.js:95:5)
        at trim_prefix (C:\Users\ZLSH01LT2304005\Documents\Repos\deans-server\node_modules\.pnpm\express@4.21.2\node_modules\express\lib\router\index.js:328:13)
        at C:\Users\ZLSH01LT2304005\Documents\Repos\deans-server\node_modules\.pnpm\express@4.21.2\node_modules\express\lib\router\index.js:286:9
        at router.process_params (C:\Users\ZLSH01LT2304005\Documents\Repos\deans-server\node_modules\.pnpm\express@4.21.2\node_modules\express\lib\router\index.js:346:12)
        at next (C:\Users\ZLSH01LT2304005\Documents\Repos\deans-server\node_modules\.pnpm\express@4.21.2\node_modules\express\lib\router\index.js:280:10)
        at C:\Users\ZLSH01LT2304005\Documents\Repos\deans-server\node_modules\.pnpm\body-parser@1.20.3\node_modules\body-parser\lib\read.js:137:5
        at AsyncResource.runInAsyncScope (node:async_hooks:214:14)
        at invokeCallback (C:\Users\ZLSH01LT2304005\Documents\Repos\deans-server\node_modules\.pnpm\raw-body@2.5.2\node_modules\raw-body\index.js:238:16)
        at done (C:\Users\ZLSH01LT2304005\Documents\Repos\deans-server\node_modules\.pnpm\raw-body@2.5.2\node_modules\raw-body\index.js:227:7)
        at IncomingMessage.onEnd (C:\Users\ZLSH01LT2304005\Documents\Repos\deans-server\node_modules\.pnpm\raw-body@2.5.2\node_modules\raw-body\index.js:287:7)
        at IncomingMessage.emit (node:events:508:28)
        at endReadableNT (node:internal/streams/readable:1701:12)
        at processTicksAndRejections (node:internal/process/task_queues:89:21)

    [0m [90m 164 |[39m
     [90m 165 |[39m   } [36mcatch[39m (error) {
    [31m[1m>[22m[39m[90m 166 |[39m     console[33m.[39merror([32m'Login error:'[39m[33m,[39m error)[33m;[39m
     [90m     |[39m             [31m[1m^[22m[39m
     [90m 167 |[39m     res[33m.[39mstatus([35m500[39m)[33m.[39mjson({
     [90m 168 |[39m       error[33m:[39m [32m'Login failed'[39m[33m,[39m
     [90m 169 |[39m       message[33m:[39m error[33m.[39mmessage[0m

      at routes/auth.js:166:13
      at Layer.handle [as handle_request] (node_modules/.pnpm/express@4.21.2/node_modules/express/lib/router/layer.js:95:5)
      at next (node_modules/.pnpm/express@4.21.2/node_modules/express/lib/router/route.js:149:13)
      at Route.dispatch (node_modules/.pnpm/express@4.21.2/node_modules/express/lib/router/route.js:119:3)
      at Layer.handle [as handle_request] (node_modules/.pnpm/express@4.21.2/node_modules/express/lib/router/layer.js:95:5)
      at node_modules/.pnpm/express@4.21.2/node_modules/express/lib/router/index.js:284:15
      at router.process_params (node_modules/.pnpm/express@4.21.2/node_modules/express/lib/router/index.js:346:12)
      at next (node_modules/.pnpm/express@4.21.2/node_modules/express/lib/router/index.js:280:10)
      at router.handle (node_modules/.pnpm/express@4.21.2/node_modules/express/lib/router/index.js:175:3)
      at router (node_modules/.pnpm/express@4.21.2/node_modules/express/lib/router/index.js:47:12)
      at Layer.handle [as handle_request] (node_modules/.pnpm/express@4.21.2/node_modules/express/lib/router/layer.js:95:5)
      at trim_prefix (node_modules/.pnpm/express@4.21.2/node_modules/express/lib/router/index.js:328:13)
      at node_modules/.pnpm/express@4.21.2/node_modules/express/lib/router/index.js:286:9
      at router.process_params (node_modules/.pnpm/express@4.21.2/node_modules/express/lib/router/index.js:346:12)
      at next (node_modules/.pnpm/express@4.21.2/node_modules/express/lib/router/index.js:280:10)
      at urlencodedParser (node_modules/.pnpm/body-parser@1.20.3/node_modules/body-parser/lib/types/urlencoded.js:85:7)
      at Layer.handle [as handle_request] (node_modules/.pnpm/express@4.21.2/node_modules/express/lib/router/layer.js:95:5)
      at trim_prefix (node_modules/.pnpm/express@4.21.2/node_modules/express/lib/router/index.js:328:13)
      at node_modules/.pnpm/express@4.21.2/node_modules/express/lib/router/index.js:286:9
      at router.process_params (node_modules/.pnpm/express@4.21.2/node_modules/express/lib/router/index.js:346:12)
      at next (node_modules/.pnpm/express@4.21.2/node_modules/express/lib/router/index.js:280:10)
      at node_modules/.pnpm/body-parser@1.20.3/node_modules/body-parser/lib/read.js:137:5
      at invokeCallback (node_modules/.pnpm/raw-body@2.5.2/node_modules/raw-body/index.js:238:16)
      at done (node_modules/.pnpm/raw-body@2.5.2/node_modules/raw-body/index.js:227:7)
      at IncomingMessage.onEnd (node_modules/.pnpm/raw-body@2.5.2/node_modules/raw-body/index.js:287:7)

FAIL tests/auth/auth.test.js
  Authentication API
    POST /api/auth/register
      Successful Registration
        ΓêÜ should register a new user with all fields (161 ms)
        ΓêÜ should register a user with only required fields (111 ms)
        ΓêÜ should hash the password before storing (235 ms)
      Validation Errors
        ΓêÜ should return 400 when userId is missing (8 ms)
        ΓêÜ should return 400 when password is missing (12 ms)
        ΓêÜ should return 400 when name is missing (5 ms)
        ΓêÜ should return 400 when all required fields are missing (7 ms)
      Duplicate User Errors
        ΓêÜ should return 409 when userId already exists (5 ms)
      Database Errors
        ΓêÜ should return 500 when database create fails (120 ms)
    POST /api/auth/login
      Successful Login
        ├ù should login with valid credentials (112 ms)
        ├ù should not expose password in response (113 ms)
      Validation Errors
        ├ù should return 400 when userId is missing (8 ms)
        ├ù should return 400 when password is missing (7 ms)
        ├ù should return 400 when both fields are missing (13 ms)
      Authentication Errors
        ├ù should return 401 when user does not exist (27 ms)
        ├ù should return 401 when password is incorrect (110 ms)
        ├ù should not reveal whether user exists or password is wrong (13 ms)
      Database Errors
        ΓêÜ should return 500 when database query fails (10 ms)
    GET /api/auth/verify/:userId
      Successful Verification
        ΓêÜ should verify existing user (8 ms)
        ΓêÜ should not expose password in verification response (4 ms)
      User Not Found
        ΓêÜ should return 404 when user does not exist (4 ms)
      Database Errors
        ΓêÜ should return 500 when database query fails (9 ms)
    Integration Tests
      ├ù should be able to register and then login (220 ms)
      ΓêÜ should verify user after registration (210 ms)

  ΓùÅ Authentication API ΓÇ║ POST /api/auth/login ΓÇ║ Successful Login ΓÇ║ should login with valid credentials

    expected 200 "OK", got 500 "Internal Server Error"

    [0m [90m 243 |[39m             password[33m:[39m [32m'password123'[39m[33m,[39m
     [90m 244 |[39m           })
    [31m[1m>[22m[39m[90m 245 |[39m           [33m.[39mexpect([35m200[39m)[33m;[39m
     [90m     |[39m            [31m[1m^[22m[39m
     [90m 246 |[39m
     [90m 247 |[39m         expect(response[33m.[39mbody[33m.[39msuccess)[33m.[39mtoBe([36mtrue[39m)[33m;[39m
     [90m 248 |[39m         expect(response[33m.[39mbody[33m.[39mmessage)[33m.[39mtoBe([32m'Login 
successful'[39m)[33m;[39m[0m

      at Object.<anonymous> (tests/auth/auth.test.js:245:12)
      ----
      at Test._assertStatus (node_modules/.pnpm/supertest@7.1.4/node_modules/supertest/lib/test.js:309:14)
      at node_modules/.pnpm/supertest@7.1.4/node_modules/supertest/lib/test.js:365:13
      at Test._assertFunction (node_modules/.pnpm/supertest@7.1.4/node_modules/supertest/lib/test.js:342:13)
      at Test.assert (node_modules/.pnpm/supertest@7.1.4/node_modules/supertest/lib/test.js:195:23)
      at localAssert (node_modules/.pnpm/supertest@7.1.4/node_modules/supertest/lib/test.js:138:14)
      at Server.<anonymous> (node_modules/.pnpm/supertest@7.1.4/node_modules/supertest/lib/test.js:152:11)

  ΓùÅ Authentication API ΓÇ║ POST /api/auth/login ΓÇ║ Successful Login ΓÇ║ should not expose password in response

    expected 200 "OK", got 500 "Internal Server Error"

    [0m [90m 269 |[39m             password[33m:[39m [32m'password123'[39m[33m,[39m
     [90m 270 |[39m           })
    [31m[1m>[22m[39m[90m 271 |[39m           [33m.[39mexpect([35m200[39m)[33m;[39m
     [90m     |[39m            [31m[1m^[22m[39m
     [90m 272 |[39m
     [90m 273 |[39m         
expect(response[33m.[39mbody[33m.[39muser[33m.[39mpassword)[33m.[39mtoBeUndefined()[33m;[39m
     [90m 274 |[39m         expect([33mObject[39m[33m.[39mkeys(response[33m.[39mbody[33m.[39muser))[33m.[39mnot[
33m.[39mtoContain([32m'password'[39m)[33m;[39m[0m

      at Object.<anonymous> (tests/auth/auth.test.js:271:12)
      ----
      at Test._assertStatus (node_modules/.pnpm/supertest@7.1.4/node_modules/supertest/lib/test.js:309:14)
      at node_modules/.pnpm/supertest@7.1.4/node_modules/supertest/lib/test.js:365:13
      at Test._assertFunction (node_modules/.pnpm/supertest@7.1.4/node_modules/supertest/lib/test.js:342:13)
      at Test.assert (node_modules/.pnpm/supertest@7.1.4/node_modules/supertest/lib/test.js:195:23)
      at localAssert (node_modules/.pnpm/supertest@7.1.4/node_modules/supertest/lib/test.js:138:14)
      at Server.<anonymous> (node_modules/.pnpm/supertest@7.1.4/node_modules/supertest/lib/test.js:152:11)

  ΓùÅ Authentication API ΓÇ║ POST /api/auth/login ΓÇ║ Validation Errors ΓÇ║ should return 400 when userId is missing

    expect(received).toBe(expected) // Object.is equality

    Expected: "Missing credentials"
    Received: "Identifier required"

    [0m [90m 285 |[39m           [33m.[39mexpect([35m400[39m)[33m;[39m
     [90m 286 |[39m
    [31m[1m>[22m[39m[90m 287 |[39m         
expect(response[33m.[39mbody[33m.[39merror)[33m.[39mtoBe([32m'Missing credentials'[39m)[33m;[39m
     [90m     |[39m                                     [31m[1m^[22m[39m
     [90m 288 |[39m         expect(response[33m.[39mbody[33m.[39mmessage)[33m.[39mtoContain([32m'userId and 
password'[39m)[33m;[39m
     [90m 289 |[39m       })[33m;[39m
     [90m 290 |[39m[0m

      at Object.<anonymous> (tests/auth/auth.test.js:287:37)

  ΓùÅ Authentication API ΓÇ║ POST /api/auth/login ΓÇ║ Validation Errors ΓÇ║ should return 400 when password is missing

    expect(received).toBe(expected) // Object.is equality

    Expected: "Missing credentials"
    Received: "Password required"

    [0m [90m 297 |[39m           [33m.[39mexpect([35m400[39m)[33m;[39m
     [90m 298 |[39m
    [31m[1m>[22m[39m[90m 299 |[39m         
expect(response[33m.[39mbody[33m.[39merror)[33m.[39mtoBe([32m'Missing credentials'[39m)[33m;[39m
     [90m     |[39m                                     [31m[1m^[22m[39m
     [90m 300 |[39m       })[33m;[39m
     [90m 301 |[39m
     [90m 302 |[39m       test([32m'should return 400 when both fields are missing'[39m[33m,[39m [36masync[39m () 
[33m=>[39m {[0m

      at Object.<anonymous> (tests/auth/auth.test.js:299:37)

  ΓùÅ Authentication API ΓÇ║ POST /api/auth/login ΓÇ║ Validation Errors ΓÇ║ should return 400 when both fields are missing

    expect(received).toBe(expected) // Object.is equality

    Expected: "Missing credentials"
    Received: "Password required"

    [0m [90m 306 |[39m           [33m.[39mexpect([35m400[39m)[33m;[39m
     [90m 307 |[39m
    [31m[1m>[22m[39m[90m 308 |[39m         
expect(response[33m.[39mbody[33m.[39merror)[33m.[39mtoBe([32m'Missing credentials'[39m)[33m;[39m
     [90m     |[39m                                     [31m[1m^[22m[39m
     [90m 309 |[39m       })[33m;[39m
     [90m 310 |[39m     })[33m;[39m
     [90m 311 |[39m[0m

      at Object.<anonymous> (tests/auth/auth.test.js:308:37)

  ΓùÅ Authentication API ΓÇ║ POST /api/auth/login ΓÇ║ Authentication Errors ΓÇ║ should return 401 when user does not exist

    expected 401 "Unauthorized", got 500 "Internal Server Error"

    [0m [90m 320 |[39m             password[33m:[39m [32m'password123'[39m[33m,[39m
     [90m 321 |[39m           })
    [31m[1m>[22m[39m[90m 322 |[39m           [33m.[39mexpect([35m401[39m)[33m;[39m
     [90m     |[39m            [31m[1m^[22m[39m
     [90m 323 |[39m
     [90m 324 |[39m         expect(response[33m.[39mbody[33m.[39merror)[33m.[39mtoBe([32m'Invalid 
credentials'[39m)[33m;[39m
     [90m 325 |[39m         
expect(response[33m.[39mbody[33m.[39mmessage)[33m.[39mtoContain([32m'incorrect'[39m)[33m;[39m[0m

      at Object.<anonymous> (tests/auth/auth.test.js:322:12)
      ----
      at Test._assertStatus (node_modules/.pnpm/supertest@7.1.4/node_modules/supertest/lib/test.js:309:14)
      at node_modules/.pnpm/supertest@7.1.4/node_modules/supertest/lib/test.js:365:13
      at Test._assertFunction (node_modules/.pnpm/supertest@7.1.4/node_modules/supertest/lib/test.js:342:13)
      at Test.assert (node_modules/.pnpm/supertest@7.1.4/node_modules/supertest/lib/test.js:195:23)
      at localAssert (node_modules/.pnpm/supertest@7.1.4/node_modules/supertest/lib/test.js:138:14)
      at Server.<anonymous> (node_modules/.pnpm/supertest@7.1.4/node_modules/supertest/lib/test.js:152:11)

  ΓùÅ Authentication API ΓÇ║ POST /api/auth/login ΓÇ║ Authentication Errors ΓÇ║ should return 401 when password is incorrect

    expected 401 "Unauthorized", got 500 "Internal Server Error"

    [0m [90m 339 |[39m             password[33m:[39m [32m'wrongpassword'[39m[33m,[39m
     [90m 340 |[39m           })
    [31m[1m>[22m[39m[90m 341 |[39m           [33m.[39mexpect([35m401[39m)[33m;[39m
     [90m     |[39m            [31m[1m^[22m[39m
     [90m 342 |[39m
     [90m 343 |[39m         expect(response[33m.[39mbody[33m.[39merror)[33m.[39mtoBe([32m'Invalid 
credentials'[39m)[33m;[39m
     [90m 344 |[39m         
expect(response[33m.[39mbody[33m.[39mmessage)[33m.[39mtoContain([32m'incorrect'[39m)[33m;[39m[0m

      at Object.<anonymous> (tests/auth/auth.test.js:341:12)
      ----
      at Test._assertStatus (node_modules/.pnpm/supertest@7.1.4/node_modules/supertest/lib/test.js:309:14)
      at node_modules/.pnpm/supertest@7.1.4/node_modules/supertest/lib/test.js:365:13
      at Test._assertFunction (node_modules/.pnpm/supertest@7.1.4/node_modules/supertest/lib/test.js:342:13)
      at Test.assert (node_modules/.pnpm/supertest@7.1.4/node_modules/supertest/lib/test.js:195:23)
      at localAssert (node_modules/.pnpm/supertest@7.1.4/node_modules/supertest/lib/test.js:138:14)
      at Server.<anonymous> (node_modules/.pnpm/supertest@7.1.4/node_modules/supertest/lib/test.js:152:11)

  ΓùÅ Authentication API ΓÇ║ POST /api/auth/login ΓÇ║ Authentication Errors ΓÇ║ should not reveal whether user exists or 
password is wrong

    expected 401 "Unauthorized", got 500 "Internal Server Error"

    [0m [90m 354 |[39m             password[33m:[39m [32m'password123'[39m[33m,[39m
     [90m 355 |[39m           })
    [31m[1m>[22m[39m[90m 356 |[39m           [33m.[39mexpect([35m401[39m)[33m;[39m
     [90m     |[39m            [31m[1m^[22m[39m
     [90m 357 |[39m
     [90m 358 |[39m         [36mconst[39m hashedPassword [33m=[39m [36mawait[39m 
bcrypt[33m.[39mhash([32m'correctpassword'[39m[33m,[39m [35m10[39m)[33m;[39m
     [90m 359 |[39m         mockPrismaClient[33m.[39muser[33m.[39mfindUnique[33m.[39mmockResolvedValue({[0m

      at Object.<anonymous> (tests/auth/auth.test.js:356:12)
      ----
      at Test._assertStatus (node_modules/.pnpm/supertest@7.1.4/node_modules/supertest/lib/test.js:309:14)
      at node_modules/.pnpm/supertest@7.1.4/node_modules/supertest/lib/test.js:365:13
      at Test._assertFunction (node_modules/.pnpm/supertest@7.1.4/node_modules/supertest/lib/test.js:342:13)
      at Test.assert (node_modules/.pnpm/supertest@7.1.4/node_modules/supertest/lib/test.js:195:23)
      at localAssert (node_modules/.pnpm/supertest@7.1.4/node_modules/supertest/lib/test.js:138:14)
      at Server.<anonymous> (node_modules/.pnpm/supertest@7.1.4/node_modules/supertest/lib/test.js:152:11)

  ΓùÅ Authentication API ΓÇ║ Integration Tests ΓÇ║ should be able to register and then login

    expected 200 "OK", got 500 "Internal Server Error"

    [0m [90m 498 |[39m           password[33m:[39m [32m'newpass123'[39m[33m,[39m
     [90m 499 |[39m         })
    [31m[1m>[22m[39m[90m 500 |[39m         [33m.[39mexpect([35m200[39m)[33m;[39m
     [90m     |[39m          [31m[1m^[22m[39m
     [90m 501 |[39m
     [90m 502 |[39m       expect(loginResponse[33m.[39mbody[33m.[39msuccess)[33m.[39mtoBe([36mtrue[39m)[33m;[39m
     [90m 503 |[39m       expect(loginResponse[33m.[39mbody[33m.[39muser[33m.[39muserId)[33m.[39mtoBe([32m'INTEGRA
TION001'[39m)[33m;[39m[0m

      at Object.<anonymous> (tests/auth/auth.test.js:500:10)
      ----
      at Test._assertStatus (node_modules/.pnpm/supertest@7.1.4/node_modules/supertest/lib/test.js:309:14)
      at node_modules/.pnpm/supertest@7.1.4/node_modules/supertest/lib/test.js:365:13
      at Test._assertFunction (node_modules/.pnpm/supertest@7.1.4/node_modules/supertest/lib/test.js:342:13)
      at Test.assert (node_modules/.pnpm/supertest@7.1.4/node_modules/supertest/lib/test.js:195:23)
      at localAssert (node_modules/.pnpm/supertest@7.1.4/node_modules/supertest/lib/test.js:138:14)
      at Server.<anonymous> (node_modules/.pnpm/supertest@7.1.4/node_modules/supertest/lib/test.js:152:11)

  console.log
    ΓÜá∩╕Å  ESP32 not connected, using simulation mode

      at ESP32Controller.checkConnection (esp32Controller.js:24:15)

  console.log
    ≡ƒÜ¬ Manual unlock request for Row 1, Column 3

      at routes/door.js:19:13

  console.log
    ≡ƒÜ¬ Attempting to unlock door at Row 1, Column 3

      at ESP32Controller.unlockDoor (esp32Controller.js:41:13)

  console.log
    ≡ƒôí ESP32 not connected, simulating unlock...

      at ESP32Controller.unlockDoor (esp32Controller.js:44:15)

  console.log
    ≡ƒÜ¬ Manual unlock request for Row 1, Column 3

      at routes/door.js:19:13

  console.log
    ≡ƒÜ¬ Attempting to unlock door at Row 1, Column 3

      at ESP32Controller.unlockDoor (esp32Controller.js:41:13)

  console.log
    ≡ƒôí ESP32 not connected, simulating unlock...

      at ESP32Controller.unlockDoor (esp32Controller.js:44:15)

  console.log
    ≡ƒô¥ Transaction logged: RETRIEVAL for file null by user PUP001

      at logAccess (prismaClient.js:366:13)

  console.log
    ≡ƒöÆ Manual lock request for Row 1, Column 3

      at routes/door.js:59:13

  console.log
    ≡ƒöÆ Attempting to lock door at Row 1, Column 3

      at ESP32Controller.lockDoor (esp32Controller.js:102:13)

  console.log
    ≡ƒôí ESP32 not connected, simulating lock...

      at ESP32Controller.lockDoor (esp32Controller.js:105:15)

  console.log
    ≡ƒöÆ Manual lock request for Row 1, Column 3

      at routes/door.js:59:13

  console.log
    ≡ƒöÆ Attempting to lock door at Row 1, Column 3

      at ESP32Controller.lockDoor (esp32Controller.js:102:13)

  console.log
    ≡ƒôí ESP32 not connected, simulating lock...

      at ESP32Controller.lockDoor (esp32Controller.js:105:15)

  console.log
    ≡ƒô¥ Transaction logged: RETRIEVAL for file null by user PUP001

      at logAccess (prismaClient.js:366:13)

  console.log
    ≡ƒôí ESP32 IP updated to: http://192.168.1.200:8080

      at ESP32Controller.setESP32IP (esp32Controller.js:177:13)

  console.log
    Γ£à ESP32 connected successfully

      at ESP32Controller.checkConnection (esp32Controller.js:20:15)

  console.log
    ≡ƒôí ESP32 IP updated to: http://192.168.1.150:80

      at ESP32Controller.setESP32IP (esp32Controller.js:177:13)

  console.log
    Γ£à ESP32 connected successfully

      at ESP32Controller.checkConnection (esp32Controller.js:20:15)

  console.error
    getAccessLogs error: Error: DB Error
        at Object.<anonymous> (C:\Users\ZLSH01LT2304005\Documents\Repos\deans-server\tests\door\door.test.js:254:61)
        at Promise.finally.completed (C:\Users\ZLSH01LT2304005\Documents\Repos\deans-server\node_modules\.pnpm\jest-circus@30.2.0\node_modules\jest-circus\build\jestAdapterInit.js:1557:28)
        at new Promise (<anonymous>)
        at callAsyncCircusFn (C:\Users\ZLSH01LT2304005\Documents\Repos\deans-server\node_modules\.pnpm\jest-circus@30.2.0\node_modules\jest-circus\build\jestAdapterInit.js:1497:10)
        at _callCircusTest (C:\Users\ZLSH01LT2304005\Documents\Repos\deans-server\node_modules\.pnpm\jest-circus@30.2.0\node_modules\jest-circus\build\jestAdapterInit.js:1007:40)
        at processTicksAndRejections (node:internal/process/task_queues:103:5)
        at _runTest (C:\Users\ZLSH01LT2304005\Documents\Repos\deans-server\node_modules\.pnpm\jest-circus@30.2.0\node_modules\jest-circus\build\jestAdapterInit.js:947:3)
        at C:\Users\ZLSH01LT2304005\Documents\Repos\deans-server\node_modules\.pnpm\jest-circus@30.2.0\node_modules\jest-circus\build\jestAdapterInit.js:849:7
        at _runTestsForDescribeBlock (C:\Users\ZLSH01LT2304005\Documents\Repos\deans-server\node_modules\.pnpm\jest-circus@30.2.0\node_modules\jest-circus\build\jestAdapterInit.js:862:11)
        at _runTestsForDescribeBlock (C:\Users\ZLSH01LT2304005\Documents\Repos\deans-server\node_modules\.pnpm\jest-circus@30.2.0\node_modules\jest-circus\build\jestAdapterInit.js:857:11)
        at _runTestsForDescribeBlock (C:\Users\ZLSH01LT2304005\Documents\Repos\deans-server\node_modules\.pnpm\jest-circus@30.2.0\node_modules\jest-circus\build\jestAdapterInit.js:857:11)
        at run (C:\Users\ZLSH01LT2304005\Documents\Repos\deans-server\node_modules\.pnpm\jest-circus@30.2.0\node_modules\jest-circus\build\jestAdapterInit.js:761:3)
        at runAndTransformResultsToJestFormat (C:\Users\ZLSH01LT2304005\Documents\Repos\deans-server\node_modules\.pnpm\jest-circus@30.2.0\node_modules\jest-circus\build\jestAdapterInit.js:1918:21)
        at jestAdapter (C:\Users\ZLSH01LT2304005\Documents\Repos\deans-server\node_modules\.pnpm\jest-circus@30.2.0\node_modules\jest-circus\build\runner.js:101:19)
        at runTestInternal (C:\Users\ZLSH01LT2304005\Documents\Repos\deans-server\node_modules\.pnpm\jest-runner@30.2.0\node_modules\jest-runner\build\index.js:275:16)
        at runTest (C:\Users\ZLSH01LT2304005\Documents\Repos\deans-server\node_modules\.pnpm\jest-runner@30.2.0\node_modules\jest-runner\build\index.js:343:7)

    [0m [90m 594 |[39m     }))[33m;[39m
     [90m 595 |[39m   } [36mcatch[39m (error) {
    [31m[1m>[22m[39m[90m 596 |[39m     console[33m.[39merror([32m'getAccessLogs error:'[39m[33m,[39m error)[33m;[39m
     [90m     |[39m             [31m[1m^[22m[39m
     [90m 597 |[39m     [36mthrow[39m error[33m;[39m
     [90m 598 |[39m   }
     [90m 599 |[39m }[33m;[39m[0m

      at getAccessLogs (prismaClient.js:596:13)
      at routes/door.js:137:18

  console.error
    Log retrieval error: Error: DB Error
        at Object.<anonymous> (C:\Users\ZLSH01LT2304005\Documents\Repos\deans-server\tests\door\door.test.js:254:61)
        at Promise.finally.completed (C:\Users\ZLSH01LT2304005\Documents\Repos\deans-server\node_modules\.pnpm\jest-circus@30.2.0\node_modules\jest-circus\build\jestAdapterInit.js:1557:28)
        at new Promise (<anonymous>)
        at callAsyncCircusFn (C:\Users\ZLSH01LT2304005\Documents\Repos\deans-server\node_modules\.pnpm\jest-circus@30.2.0\node_modules\jest-circus\build\jestAdapterInit.js:1497:10)
        at _callCircusTest (C:\Users\ZLSH01LT2304005\Documents\Repos\deans-server\node_modules\.pnpm\jest-circus@30.2.0\node_modules\jest-circus\build\jestAdapterInit.js:1007:40)
        at processTicksAndRejections (node:internal/process/task_queues:103:5)
        at _runTest (C:\Users\ZLSH01LT2304005\Documents\Repos\deans-server\node_modules\.pnpm\jest-circus@30.2.0\node_modules\jest-circus\build\jestAdapterInit.js:947:3)
        at C:\Users\ZLSH01LT2304005\Documents\Repos\deans-server\node_modules\.pnpm\jest-circus@30.2.0\node_modules\jest-circus\build\jestAdapterInit.js:849:7
        at _runTestsForDescribeBlock (C:\Users\ZLSH01LT2304005\Documents\Repos\deans-server\node_modules\.pnpm\jest-circus@30.2.0\node_modules\jest-circus\build\jestAdapterInit.js:862:11)
        at _runTestsForDescribeBlock (C:\Users\ZLSH01LT2304005\Documents\Repos\deans-server\node_modules\.pnpm\jest-circus@30.2.0\node_modules\jest-circus\build\jestAdapterInit.js:857:11)
        at _runTestsForDescribeBlock (C:\Users\ZLSH01LT2304005\Documents\Repos\deans-server\node_modules\.pnpm\jest-circus@30.2.0\node_modules\jest-circus\build\jestAdapterInit.js:857:11)
        at run (C:\Users\ZLSH01LT2304005\Documents\Repos\deans-server\node_modules\.pnpm\jest-circus@30.2.0\node_modules\jest-circus\build\jestAdapterInit.js:761:3)
        at runAndTransformResultsToJestFormat (C:\Users\ZLSH01LT2304005\Documents\Repos\deans-server\node_modules\.pnpm\jest-circus@30.2.0\node_modules\jest-circus\build\jestAdapterInit.js:1918:21)
        at jestAdapter (C:\Users\ZLSH01LT2304005\Documents\Repos\deans-server\node_modules\.pnpm\jest-circus@30.2.0\node_modules\jest-circus\build\runner.js:101:19)
        at runTestInternal (C:\Users\ZLSH01LT2304005\Documents\Repos\deans-server\node_modules\.pnpm\jest-runner@30.2.0\node_modules\jest-runner\build\index.js:275:16)
        at runTest (C:\Users\ZLSH01LT2304005\Documents\Repos\deans-server\node_modules\.pnpm\jest-runner@30.2.0\node_modules\jest-runner\build\index.js:343:7)

    [0m [90m 143 |[39m     })[33m;[39m
     [90m 144 |[39m   } [36mcatch[39m (error) {
    [31m[1m>[22m[39m[90m 145 |[39m     console[33m.[39merror([32m'Log retrieval error:'[39m[33m,[39m error)[33m;[39m
     [90m     |[39m             [31m[1m^[22m[39m
     [90m 146 |[39m     res[33m.[39mstatus([35m500[39m)[33m.[39mjson({
     [90m 147 |[39m       error[33m:[39m [32m'Failed to retrieve logs'[39m[33m,[39m
     [90m 148 |[39m       message[33m:[39m error[33m.[39mmessage[0m

      at routes/door.js:145:13

PASS tests/door/door.test.js
  Door Control Endpoints
    POST /api/door/unlock
      ΓêÜ should unlock door manually in simulation mode (1050 ms)
      ΓêÜ should log access when userId is provided (1034 ms)
      ΓêÜ should return 400 when row is missing (15 ms)
      ΓêÜ should return 400 when column is missing (8 ms)
    POST /api/door/lock
      ΓêÜ should lock door manually in simulation mode (546 ms)
      ΓêÜ should log access when userId is provided (531 ms)
      ΓêÜ should return 400 when required parameters are missing (10 ms)
    GET /api/door/status
      ΓêÜ should return status in simulation mode (6 ms)
    POST /api/door/esp32/config
      ΓêÜ should update ESP32 configuration (10 ms)
      ΓêÜ should use default port when not provided (7 ms)
      ΓêÜ should return 400 when IP is missing (9 ms)
    GET /api/door/logs
      ΓêÜ should return access logs (6 ms)
      ΓêÜ should return logs with default limit (7 ms)
      ΓêÜ should filter logs by userId when provided (6 ms)
      ΓêÜ should use custom limit when provided (4 ms)
      ΓêÜ should return 500 on database error (14 ms)

  console.log
    ΓÜá∩╕Å  ESP32 not connected, using simulation mode

      at ESP32Controller.checkConnection (esp32Controller.js:24:15)

  console.log
    ΓÜá∩╕Å  ESP32 not connected, using simulation mode

      at ESP32Controller.checkConnection (esp32Controller.js:24:15)

  console.log
    ≡ƒÜ¬ Attempting to unlock door at Row 1, Column 3

      at ESP32Controller.unlockDoor (esp32Controller.js:41:13)

  console.log
    ≡ƒôí ESP32 not connected, simulating unlock...

      at ESP32Controller.unlockDoor (esp32Controller.js:44:15)

  console.log
    ΓÜá∩╕Å  ESP32 not connected, using simulation mode

      at ESP32Controller.checkConnection (esp32Controller.js:24:15)

  console.log
    ≡ƒöÆ Attempting to lock door at Row 2, Column 4

      at ESP32Controller.lockDoor (esp32Controller.js:102:13)

  console.log
    ≡ƒôí ESP32 not connected, simulating lock...

      at ESP32Controller.lockDoor (esp32Controller.js:105:15)

  console.log
    ΓÜá∩╕Å  ESP32 not connected, using simulation mode

      at ESP32Controller.checkConnection (esp32Controller.js:24:15)

  console.log
    Γ£à ESP32 connected successfully

      at ESP32Controller.checkConnection (esp32Controller.js:20:15)

  console.log
    Γ£à ESP32 connected successfully

      at ESP32Controller.checkConnection (esp32Controller.js:20:15)

  console.log
    ≡ƒÜ¬ Attempting to unlock door at Row 1, Column 3

      at ESP32Controller.unlockDoor (esp32Controller.js:41:13)

  console.log
    Γ£à Door unlocked successfully in 0ms

      at ESP32Controller.unlockDoor (esp32Controller.js:70:15)

  console.log
    Γ£à ESP32 connected successfully

      at ESP32Controller.checkConnection (esp32Controller.js:20:15)

  console.log
    ≡ƒöÆ Attempting to lock door at Row 2, Column 4

      at ESP32Controller.lockDoor (esp32Controller.js:102:13)

  console.log
    ≡ƒöÆ Door locked successfully

      at ESP32Controller.lockDoor (esp32Controller.js:126:15)

  console.log
    Γ£à ESP32 connected successfully

      at ESP32Controller.checkConnection (esp32Controller.js:20:15)

  console.log
    Γ£à ESP32 connected successfully

      at ESP32Controller.checkConnection (esp32Controller.js:20:15)

  console.log
    ≡ƒÜ¬ Attempting to unlock door at Row 1, Column 3

      at ESP32Controller.unlockDoor (esp32Controller.js:41:13)

  console.error
    Γ¥î ESP32 unlock failed: ESP32 connection failed

    [0m [90m 81 |[39m
     [90m 82 |[39m     } [36mcatch[39m (error) {
    [31m[1m>[22m[39m[90m 83 |[39m       console[33m.[39merror([32m'Γ¥î ESP32 unlock failed:'[39m[33m,[39m error[33m.[39mmessage)[33m;[39m
     [90m    |[39m               [31m[1m^[22m[39m
     [90m 84 |[39m       
     [90m 85 |[39m       [36mif[39m (error[33m.[39mcode [33m===[39m [32m'ECONNREFUSED'[39m [33m||[39m error[33m.[39mcode [33m===[39m [32m'ETIMEDOUT'[39m) {
     [90m 86 |[39m         [36mthis[39m[33m.[39mconnected [33m=[39m [36mfalse[39m[33m;[39m[0m

      at ESP32Controller.unlockDoor (esp32Controller.js:83:15)
      at Object.<anonymous> (tests/door/esp32Controller.test.js:142:7)

  console.log
    Γ£à ESP32 connected successfully

      at ESP32Controller.checkConnection (esp32Controller.js:20:15)

  console.log
    ≡ƒÜ¬ Attempting to unlock door at Row 1, Column 3

      at ESP32Controller.unlockDoor (esp32Controller.js:41:13)

  console.error
    Γ¥î ESP32 unlock failed: Timeout

    [0m [90m 81 |[39m
     [90m 82 |[39m     } [36mcatch[39m (error) {
    [31m[1m>[22m[39m[90m 83 |[39m       console[33m.[39merror([32m'Γ¥î ESP32 unlock failed:'[39m[33m,[39m error[33m.[39mmessage)[33m;[39m
     [90m    |[39m               [31m[1m^[22m[39m
     [90m 84 |[39m       
     [90m 85 |[39m       [36mif[39m (error[33m.[39mcode [33m===[39m [32m'ECONNREFUSED'[39m [33m||[39m error[33m.[39mcode [33m===[39m [32m'ETIMEDOUT'[39m) {
     [90m 86 |[39m         [36mthis[39m[33m.[39mconnected [33m=[39m [36mfalse[39m[33m;[39m[0m

      at ESP32Controller.unlockDoor (esp32Controller.js:83:15)
      at Object.<anonymous> (tests/door/esp32Controller.test.js:151:7)

  console.log
    Γ£à ESP32 connected successfully

      at ESP32Controller.checkConnection (esp32Controller.js:20:15)

  console.log
    ≡ƒÜ¬ Attempting to unlock door at Row 1, Column 3

      at ESP32Controller.unlockDoor (esp32Controller.js:41:13)

  console.error
    Γ¥î ESP32 unlock failed: ESP32 Error

    [0m [90m 81 |[39m
     [90m 82 |[39m     } [36mcatch[39m (error) {
    [31m[1m>[22m[39m[90m 83 |[39m       console[33m.[39merror([32m'Γ¥î ESP32 unlock failed:'[39m[33m,[39m error[33m.[39mmessage)[33m;[39m
     [90m    |[39m               [31m[1m^[22m[39m
     [90m 84 |[39m       
     [90m 85 |[39m       [36mif[39m (error[33m.[39mcode [33m===[39m [32m'ECONNREFUSED'[39m [33m||[39m error[33m.[39mcode [33m===[39m [32m'ETIMEDOUT'[39m) {
     [90m 86 |[39m         [36mthis[39m[33m.[39mconnected [33m=[39m [36mfalse[39m[33m;[39m[0m

      at ESP32Controller.unlockDoor (esp32Controller.js:83:15)
      at Object.<anonymous> (tests/door/esp32Controller.test.js:160:7)

  console.log
    Γ£à ESP32 connected successfully

      at ESP32Controller.checkConnection (esp32Controller.js:20:15)

  console.log
    Γ£à ESP32 connected successfully

      at ESP32Controller.checkConnection (esp32Controller.js:20:15)

  console.log
    ≡ƒöÆ Attempting to lock door at Row 1, Column 1

      at ESP32Controller.lockDoor (esp32Controller.js:102:13)

  console.error
    Γ¥î ESP32 lock failed: Lock failed

    [0m [90m 136 |[39m
     [90m 137 |[39m     } [36mcatch[39m (error) {
    [31m[1m>[22m[39m[90m 138 |[39m       console[33m.[39merror([32m'Γ¥î ESP32 lock failed:'[39m[33m,[39m error[33m.[39mmessage)[33m;[39m
     [90m     |[39m               [31m[1m^[22m[39m
     [90m 139 |[39m       [36mthrow[39m [36mnew[39m [33mError[39m([32m`ESP32 lock error: ${error.response?.data?.message || error.message}`[39m)[33m;[39m
     [90m 140 |[39m     }
     [90m 141 |[39m   }[0m

      at ESP32Controller.lockDoor (esp32Controller.js:138:15)
      at Object.<anonymous> (tests/door/esp32Controller.test.js:178:7)

  console.log
    ΓÜá∩╕Å  ESP32 not connected, using simulation mode

      at ESP32Controller.checkConnection (esp32Controller.js:24:15)

  console.log
    ≡ƒôí ESP32 IP updated to: http://192.168.1.200:8080

      at ESP32Controller.setESP32IP (esp32Controller.js:177:13)

  console.log
    Γ£à ESP32 connected successfully

      at ESP32Controller.checkConnection (esp32Controller.js:20:15)

  console.log
    ΓÜá∩╕Å  ESP32 not connected, using simulation mode

      at ESP32Controller.checkConnection (esp32Controller.js:24:15)

  console.log
    ≡ƒôí ESP32 IP updated to: http://192.168.1.150:80

      at ESP32Controller.setESP32IP (esp32Controller.js:177:13)

  console.log
    ΓÜá∩╕Å  ESP32 not connected, using simulation mode

      at ESP32Controller.checkConnection (esp32Controller.js:24:15)

PASS tests/door/esp32Controller.test.js
  ESP32Controller
    Simulation Mode
      ΓêÜ should initialize in simulation mode when ESP32 is not connected (113 ms)
      ΓêÜ should simulate unlock in simulation mode (1118 ms)
      ΓêÜ should simulate lock in simulation mode (622 ms)
      ΓêÜ should return disconnected status in simulation mode (107 ms)
    Connected Mode
      ΓêÜ should initialize as connected when ESP32 responds to health check (115 ms)
      ΓêÜ should unlock door successfully when connected (106 ms)
      ΓêÜ should lock door successfully when connected (109 ms)
      ΓêÜ should get ESP32 status when connected (106 ms)
    Error Handling
      ΓêÜ should throw error when unlock fails with connection refused (116 ms)
      ΓêÜ should throw error when unlock fails with timeout (109 ms)
      ΓêÜ should throw error when unlock fails with response error (109 ms)
      ΓêÜ should mark as disconnected when status check fails (116 ms)
      ΓêÜ should throw error when lock fails (113 ms)
    Configuration
      ΓêÜ should update ESP32 IP address (212 ms)
      ΓêÜ should use default port when not specified (112 ms)

  console.error
    checkUserExists error: Error: DB Error
        at Object.<anonymous> (C:\Users\ZLSH01LT2304005\Documents\Repos\deans-server\tests\db\prisma.test.js:41:58)
        at Promise.finally.completed (C:\Users\ZLSH01LT2304005\Documents\Repos\deans-server\node_modules\.pnpm\jest-circus@30.2.0\node_modules\jest-circus\build\jestAdapterInit.js:1557:28)
        at new Promise (<anonymous>)
        at callAsyncCircusFn (C:\Users\ZLSH01LT2304005\Documents\Repos\deans-server\node_modules\.pnpm\jest-circus@30.2.0\node_modules\jest-circus\build\jestAdapterInit.js:1497:10)
        at _callCircusTest (C:\Users\ZLSH01LT2304005\Documents\Repos\deans-server\node_modules\.pnpm\jest-circus@30.2.0\node_modules\jest-circus\build\jestAdapterInit.js:1007:40)
        at _runTest (C:\Users\ZLSH01LT2304005\Documents\Repos\deans-server\node_modules\.pnpm\jest-circus@30.2.0\node_modules\jest-circus\build\jestAdapterInit.js:947:3)
        at C:\Users\ZLSH01LT2304005\Documents\Repos\deans-server\node_modules\.pnpm\jest-circus@30.2.0\node_modules\jest-circus\build\jestAdapterInit.js:849:7
        at _runTestsForDescribeBlock (C:\Users\ZLSH01LT2304005\Documents\Repos\deans-server\node_modules\.pnpm\jest-circus@30.2.0\node_modules\jest-circus\build\jestAdapterInit.js:862:11)
        at _runTestsForDescribeBlock (C:\Users\ZLSH01LT2304005\Documents\Repos\deans-server\node_modules\.pnpm\jest-circus@30.2.0\node_modules\jest-circus\build\jestAdapterInit.js:857:11)
        at _runTestsForDescribeBlock (C:\Users\ZLSH01LT2304005\Documents\Repos\deans-server\node_modules\.pnpm\jest-circus@30.2.0\node_modules\jest-circus\build\jestAdapterInit.js:857:11)
        at run (C:\Users\ZLSH01LT2304005\Documents\Repos\deans-server\node_modules\.pnpm\jest-circus@30.2.0\node_modules\jest-circus\build\jestAdapterInit.js:761:3)
        at runAndTransformResultsToJestFormat (C:\Users\ZLSH01LT2304005\Documents\Repos\deans-server\node_modules\.pnpm\jest-circus@30.2.0\node_modules\jest-circus\build\jestAdapterInit.js:1918:21)
        at jestAdapter (C:\Users\ZLSH01LT2304005\Documents\Repos\deans-server\node_modules\.pnpm\jest-circus@30.2.0\node_modules\jest-circus\build\runner.js:101:19)
        at runTestInternal (C:\Users\ZLSH01LT2304005\Documents\Repos\deans-server\node_modules\.pnpm\jest-runner@30.2.0\node_modules\jest-runner\build\index.js:275:16)
        at runTest (C:\Users\ZLSH01LT2304005\Documents\Repos\deans-server\node_modules\.pnpm\jest-runner@30.2.0\node_modules\jest-runner\build\index.js:343:7)

    [0m [90m 282 |[39m     [36mreturn[39m user [33m!==[39m [36mnull[39m[33m;[39m
     [90m 283 |[39m   } [36mcatch[39m (error) {
    [31m[1m>[22m[39m[90m 284 |[39m     console[33m.[39merror([32m'checkUserExists error:'[39m[33m,[39m error)[33m;[39m
     [90m     |[39m             [31m[1m^[22m[39m
     [90m 285 |[39m     [36mreturn[39m [36mfalse[39m[33m;[39m
     [90m 286 |[39m   }
     [90m 287 |[39m }[33m;[39m[0m

      at checkUserExists (prismaClient.js:284:13)
      at Object.<anonymous> (tests/db/prisma.test.js:43:22)

  console.error
    getFileLocation error: Error: DB Error
        at Object.<anonymous> (C:\Users\ZLSH01LT2304005\Documents\Repos\deans-server\tests\db\prisma.test.js:115:57)
        at Promise.finally.completed (C:\Users\ZLSH01LT2304005\Documents\Repos\deans-server\node_modules\.pnpm\jest-circus@30.2.0\node_modules\jest-circus\build\jestAdapterInit.js:1557:28)
        at new Promise (<anonymous>)
        at callAsyncCircusFn (C:\Users\ZLSH01LT2304005\Documents\Repos\deans-server\node_modules\.pnpm\jest-circus@30.2.0\node_modules\jest-circus\build\jestAdapterInit.js:1497:10)
        at _callCircusTest (C:\Users\ZLSH01LT2304005\Documents\Repos\deans-server\node_modules\.pnpm\jest-circus@30.2.0\node_modules\jest-circus\build\jestAdapterInit.js:1007:40)
        at _runTest (C:\Users\ZLSH01LT2304005\Documents\Repos\deans-server\node_modules\.pnpm\jest-circus@30.2.0\node_modules\jest-circus\build\jestAdapterInit.js:947:3)
        at C:\Users\ZLSH01LT2304005\Documents\Repos\deans-server\node_modules\.pnpm\jest-circus@30.2.0\node_modules\jest-circus\build\jestAdapterInit.js:849:7
        at _runTestsForDescribeBlock (C:\Users\ZLSH01LT2304005\Documents\Repos\deans-server\node_modules\.pnpm\jest-circus@30.2.0\node_modules\jest-circus\build\jestAdapterInit.js:862:11)
        at _runTestsForDescribeBlock (C:\Users\ZLSH01LT2304005\Documents\Repos\deans-server\node_modules\.pnpm\jest-circus@30.2.0\node_modules\jest-circus\build\jestAdapterInit.js:857:11)
        at _runTestsForDescribeBlock (C:\Users\ZLSH01LT2304005\Documents\Repos\deans-server\node_modules\.pnpm\jest-circus@30.2.0\node_modules\jest-circus\build\jestAdapterInit.js:857:11)
        at run (C:\Users\ZLSH01LT2304005\Documents\Repos\deans-server\node_modules\.pnpm\jest-circus@30.2.0\node_modules\jest-circus\build\jestAdapterInit.js:761:3)
        at runAndTransformResultsToJestFormat (C:\Users\ZLSH01LT2304005\Documents\Repos\deans-server\node_modules\.pnpm\jest-circus@30.2.0\node_modules\jest-circus\build\jestAdapterInit.js:1918:21)
        at jestAdapter (C:\Users\ZLSH01LT2304005\Documents\Repos\deans-server\node_modules\.pnpm\jest-circus@30.2.0\node_modules\jest-circus\build\runner.js:101:19)
        at runTestInternal (C:\Users\ZLSH01LT2304005\Documents\Repos\deans-server\node_modules\.pnpm\jest-runner@30.2.0\node_modules\jest-runner\build\index.js:275:16)
        at runTest (C:\Users\ZLSH01LT2304005\Documents\Repos\deans-server\node_modules\.pnpm\jest-runner@30.2.0\node_modules\jest-runner\build\index.js:343:7)

    [0m [90m 329 |[39m     }[33m;[39m
     [90m 330 |[39m   } [36mcatch[39m (error) {
    [31m[1m>[22m[39m[90m 331 |[39m     console[33m.[39merror([32m'getFileLocation error:'[39m[33m,[39m error)[33m;[39m
     [90m     |[39m             [31m[1m^[22m[39m
     [90m 332 |[39m     [36mthrow[39m error[33m;[39m
     [90m 333 |[39m   }
     [90m 334 |[39m }[33m;[39m[0m

      at getFileLocation (prismaClient.js:331:13)
      at Object.<anonymous> (tests/db/prisma.test.js:117:7)

  console.error
    getUserFiles error: Error: DB Error
        at Object.<anonymous> (C:\Users\ZLSH01LT2304005\Documents\Repos\deans-server\tests\db\prisma.test.js:148:56)
        at Promise.finally.completed (C:\Users\ZLSH01LT2304005\Documents\Repos\deans-server\node_modules\.pnpm\jest-circus@30.2.0\node_modules\jest-circus\build\jestAdapterInit.js:1557:28)
        at new Promise (<anonymous>)
        at callAsyncCircusFn (C:\Users\ZLSH01LT2304005\Documents\Repos\deans-server\node_modules\.pnpm\jest-circus@30.2.0\node_modules\jest-circus\build\jestAdapterInit.js:1497:10)
        at _callCircusTest (C:\Users\ZLSH01LT2304005\Documents\Repos\deans-server\node_modules\.pnpm\jest-circus@30.2.0\node_modules\jest-circus\build\jestAdapterInit.js:1007:40)
        at _runTest (C:\Users\ZLSH01LT2304005\Documents\Repos\deans-server\node_modules\.pnpm\jest-circus@30.2.0\node_modules\jest-circus\build\jestAdapterInit.js:947:3)
        at C:\Users\ZLSH01LT2304005\Documents\Repos\deans-server\node_modules\.pnpm\jest-circus@30.2.0\node_modules\jest-circus\build\jestAdapterInit.js:849:7
        at _runTestsForDescribeBlock (C:\Users\ZLSH01LT2304005\Documents\Repos\deans-server\node_modules\.pnpm\jest-circus@30.2.0\node_modules\jest-circus\build\jestAdapterInit.js:862:11)
        at _runTestsForDescribeBlock (C:\Users\ZLSH01LT2304005\Documents\Repos\deans-server\node_modules\.pnpm\jest-circus@30.2.0\node_modules\jest-circus\build\jestAdapterInit.js:857:11)
        at _runTestsForDescribeBlock (C:\Users\ZLSH01LT2304005\Documents\Repos\deans-server\node_modules\.pnpm\jest-circus@30.2.0\node_modules\jest-circus\build\jestAdapterInit.js:857:11)
        at run (C:\Users\ZLSH01LT2304005\Documents\Repos\deans-server\node_modules\.pnpm\jest-circus@30.2.0\node_modules\jest-circus\build\jestAdapterInit.js:761:3)
        at runAndTransformResultsToJestFormat (C:\Users\ZLSH01LT2304005\Documents\Repos\deans-server\node_modules\.pnpm\jest-circus@30.2.0\node_modules\jest-circus\build\jestAdapterInit.js:1918:21)
        at jestAdapter (C:\Users\ZLSH01LT2304005\Documents\Repos\deans-server\node_modules\.pnpm\jest-circus@30.2.0\node_modules\jest-circus\build\runner.js:101:19)
        at runTestInternal (C:\Users\ZLSH01LT2304005\Documents\Repos\deans-server\node_modules\.pnpm\jest-runner@30.2.0\node_modules\jest-runner\build\index.js:275:16)
        at runTest (C:\Users\ZLSH01LT2304005\Documents\Repos\deans-server\node_modules\.pnpm\jest-runner@30.2.0\node_modules\jest-runner\build\index.js:343:7)

    [0m [90m 238 |[39m     }))[33m;[39m
     [90m 239 |[39m   } [36mcatch[39m (error) {
    [31m[1m>[22m[39m[90m 240 |[39m     console[33m.[39merror([32m'getUserFiles error:'[39m[33m,[39m error)[33m;[39m
     [90m     |[39m             [31m[1m^[22m[39m
     [90m 241 |[39m     [36mthrow[39m error[33m;[39m
     [90m 242 |[39m   }
     [90m 243 |[39m }[33m;[39m[0m

      at getUserFiles (prismaClient.js:240:13)
      at Object.<anonymous> (tests/db/prisma.test.js:150:7)

  console.error
    addFile error: Error: DB Error
        at Object.<anonymous> (C:\Users\ZLSH01LT2304005\Documents\Repos\deans-server\tests\db\prisma.test.js:184:54)
        at Promise.finally.completed (C:\Users\ZLSH01LT2304005\Documents\Repos\deans-server\node_modules\.pnpm\jest-circus@30.2.0\node_modules\jest-circus\build\jestAdapterInit.js:1557:28)
        at new Promise (<anonymous>)
        at callAsyncCircusFn (C:\Users\ZLSH01LT2304005\Documents\Repos\deans-server\node_modules\.pnpm\jest-circus@30.2.0\node_modules\jest-circus\build\jestAdapterInit.js:1497:10)
        at _callCircusTest (C:\Users\ZLSH01LT2304005\Documents\Repos\deans-server\node_modules\.pnpm\jest-circus@30.2.0\node_modules\jest-circus\build\jestAdapterInit.js:1007:40)
        at _runTest (C:\Users\ZLSH01LT2304005\Documents\Repos\deans-server\node_modules\.pnpm\jest-circus@30.2.0\node_modules\jest-circus\build\jestAdapterInit.js:947:3)
        at C:\Users\ZLSH01LT2304005\Documents\Repos\deans-server\node_modules\.pnpm\jest-circus@30.2.0\node_modules\jest-circus\build\jestAdapterInit.js:849:7
        at _runTestsForDescribeBlock (C:\Users\ZLSH01LT2304005\Documents\Repos\deans-server\node_modules\.pnpm\jest-circus@30.2.0\node_modules\jest-circus\build\jestAdapterInit.js:862:11)
        at _runTestsForDescribeBlock (C:\Users\ZLSH01LT2304005\Documents\Repos\deans-server\node_modules\.pnpm\jest-circus@30.2.0\node_modules\jest-circus\build\jestAdapterInit.js:857:11)
        at _runTestsForDescribeBlock (C:\Users\ZLSH01LT2304005\Documents\Repos\deans-server\node_modules\.pnpm\jest-circus@30.2.0\node_modules\jest-circus\build\jestAdapterInit.js:857:11)
        at run (C:\Users\ZLSH01LT2304005\Documents\Repos\deans-server\node_modules\.pnpm\jest-circus@30.2.0\node_modules\jest-circus\build\jestAdapterInit.js:761:3)
        at runAndTransformResultsToJestFormat (C:\Users\ZLSH01LT2304005\Documents\Repos\deans-server\node_modules\.pnpm\jest-circus@30.2.0\node_modules\jest-circus\build\jestAdapterInit.js:1918:21)
        at jestAdapter (C:\Users\ZLSH01LT2304005\Documents\Repos\deans-server\node_modules\.pnpm\jest-circus@30.2.0\node_modules\jest-circus\build\runner.js:101:19)
        at runTestInternal (C:\Users\ZLSH01LT2304005\Documents\Repos\deans-server\node_modules\.pnpm\jest-runner@30.2.0\node_modules\jest-runner\build\index.js:275:16)
        at runTest (C:\Users\ZLSH01LT2304005\Documents\Repos\deans-server\node_modules\.pnpm\jest-runner@30.2.0\node_modules\jest-runner\build\index.js:343:7)

    [0m [90m 453 |[39m     [36mreturn[39m { fileId[33m:[39m file[33m.[39mid }[33m;[39m
     [90m 454 |[39m   } [36mcatch[39m (error) {
    [31m[1m>[22m[39m[90m 455 |[39m     console[33m.[39merror([32m'addFile error:'[39m[33m,[39m error)[33m;[39m
     [90m     |[39m             [31m[1m^[22m[39m
     [90m 456 |[39m     [36mthrow[39m error[33m;[39m
     [90m 457 |[39m   }
     [90m 458 |[39m }[33m;[39m[0m

      at addFile (prismaClient.js:455:13)
      at Object.<anonymous> (tests/db/prisma.test.js:186:7)

  console.log
    ≡ƒô¥ Transaction logged: RETRIEVAL for file 1 by user PUP001

      at logAccess (prismaClient.js:366:13)

  console.log
    ≡ƒô¥ Transaction logged: RETRIEVAL for file 1 by user PUP001

      at logAccess (prismaClient.js:366:13)

  console.log
    ≡ƒô¥ Transaction logged: RETURN for file 1 by user PUP001

      at logAccess (prismaClient.js:366:13)

  console.error
    Transaction logging error: Error: DB Error
        at Object.<anonymous> (C:\Users\ZLSH01LT2304005\Documents\Repos\deans-server\tests\db\prisma.test.js:251:61)
        at Promise.finally.completed (C:\Users\ZLSH01LT2304005\Documents\Repos\deans-server\node_modules\.pnpm\jest-circus@30.2.0\node_modules\jest-circus\build\jestAdapterInit.js:1557:28)
        at new Promise (<anonymous>)
        at callAsyncCircusFn (C:\Users\ZLSH01LT2304005\Documents\Repos\deans-server\node_modules\.pnpm\jest-circus@30.2.0\node_modules\jest-circus\build\jestAdapterInit.js:1497:10)
        at _callCircusTest (C:\Users\ZLSH01LT2304005\Documents\Repos\deans-server\node_modules\.pnpm\jest-circus@30.2.0\node_modules\jest-circus\build\jestAdapterInit.js:1007:40)
        at _runTest (C:\Users\ZLSH01LT2304005\Documents\Repos\deans-server\node_modules\.pnpm\jest-circus@30.2.0\node_modules\jest-circus\build\jestAdapterInit.js:947:3)
        at C:\Users\ZLSH01LT2304005\Documents\Repos\deans-server\node_modules\.pnpm\jest-circus@30.2.0\node_modules\jest-circus\build\jestAdapterInit.js:849:7
        at _runTestsForDescribeBlock (C:\Users\ZLSH01LT2304005\Documents\Repos\deans-server\node_modules\.pnpm\jest-circus@30.2.0\node_modules\jest-circus\build\jestAdapterInit.js:862:11)
        at _runTestsForDescribeBlock (C:\Users\ZLSH01LT2304005\Documents\Repos\deans-server\node_modules\.pnpm\jest-circus@30.2.0\node_modules\jest-circus\build\jestAdapterInit.js:857:11)
        at _runTestsForDescribeBlock (C:\Users\ZLSH01LT2304005\Documents\Repos\deans-server\node_modules\.pnpm\jest-circus@30.2.0\node_modules\jest-circus\build\jestAdapterInit.js:857:11)
        at run (C:\Users\ZLSH01LT2304005\Documents\Repos\deans-server\node_modules\.pnpm\jest-circus@30.2.0\node_modules\jest-circus\build\jestAdapterInit.js:761:3)
        at runAndTransformResultsToJestFormat (C:\Users\ZLSH01LT2304005\Documents\Repos\deans-server\node_modules\.pnpm\jest-circus@30.2.0\node_modules\jest-circus\build\jestAdapterInit.js:1918:21)
        at jestAdapter (C:\Users\ZLSH01LT2304005\Documents\Repos\deans-server\node_modules\.pnpm\jest-circus@30.2.0\node_modules\jest-circus\build\runner.js:101:19)
        at runTestInternal (C:\Users\ZLSH01LT2304005\Documents\Repos\deans-server\node_modules\.pnpm\jest-runner@30.2.0\node_modules\jest-runner\build\index.js:275:16)
        at runTest (C:\Users\ZLSH01LT2304005\Documents\Repos\deans-server\node_modules\.pnpm\jest-runner@30.2.0\node_modules\jest-runner\build\index.js:343:7)

    [0m [90m 367 |[39m     [36mreturn[39m { logId[33m:[39m transaction[33m.[39mid }[33m;[39m
     [90m 368 |[39m   } [36mcatch[39m (error) {
    [31m[1m>[22m[39m[90m 369 |[39m     console[33m.[39merror([32m'Transaction logging error:'[39m[33m,[39m error)[33m;[39m
     [90m     |[39m             [31m[1m^[22m[39m
     [90m 370 |[39m     [36mthrow[39m error[33m;[39m
     [90m 371 |[39m   }
     [90m 372 |[39m }[33m;[39m[0m

      at logAccess (prismaClient.js:369:13)
      at Object.<anonymous> (tests/db/prisma.test.js:253:7)

  console.log
    ≡ƒôä File 1 status updated to RETRIEVED

      at updateFileAccess (prismaClient.js:384:13)

  console.error
    updateFileAccess error: Error: DB Error
        at Object.<anonymous> (C:\Users\ZLSH01LT2304005\Documents\Repos\deans-server\tests\db\prisma.test.js:275:54)
        at Promise.finally.completed (C:\Users\ZLSH01LT2304005\Documents\Repos\deans-server\node_modules\.pnpm\jest-circus@30.2.0\node_modules\jest-circus\build\jestAdapterInit.js:1557:28)
        at new Promise (<anonymous>)
        at callAsyncCircusFn (C:\Users\ZLSH01LT2304005\Documents\Repos\deans-server\node_modules\.pnpm\jest-circus@30.2.0\node_modules\jest-circus\build\jestAdapterInit.js:1497:10)
        at _callCircusTest (C:\Users\ZLSH01LT2304005\Documents\Repos\deans-server\node_modules\.pnpm\jest-circus@30.2.0\node_modules\jest-circus\build\jestAdapterInit.js:1007:40)
        at _runTest (C:\Users\ZLSH01LT2304005\Documents\Repos\deans-server\node_modules\.pnpm\jest-circus@30.2.0\node_modules\jest-circus\build\jestAdapterInit.js:947:3)
        at C:\Users\ZLSH01LT2304005\Documents\Repos\deans-server\node_modules\.pnpm\jest-circus@30.2.0\node_modules\jest-circus\build\jestAdapterInit.js:849:7
        at _runTestsForDescribeBlock (C:\Users\ZLSH01LT2304005\Documents\Repos\deans-server\node_modules\.pnpm\jest-circus@30.2.0\node_modules\jest-circus\build\jestAdapterInit.js:862:11)
        at _runTestsForDescribeBlock (C:\Users\ZLSH01LT2304005\Documents\Repos\deans-server\node_modules\.pnpm\jest-circus@30.2.0\node_modules\jest-circus\build\jestAdapterInit.js:857:11)
        at _runTestsForDescribeBlock (C:\Users\ZLSH01LT2304005\Documents\Repos\deans-server\node_modules\.pnpm\jest-circus@30.2.0\node_modules\jest-circus\build\jestAdapterInit.js:857:11)
        at run (C:\Users\ZLSH01LT2304005\Documents\Repos\deans-server\node_modules\.pnpm\jest-circus@30.2.0\node_modules\jest-circus\build\jestAdapterInit.js:761:3)
        at runAndTransformResultsToJestFormat (C:\Users\ZLSH01LT2304005\Documents\Repos\deans-server\node_modules\.pnpm\jest-circus@30.2.0\node_modules\jest-circus\build\jestAdapterInit.js:1918:21)
        at jestAdapter (C:\Users\ZLSH01LT2304005\Documents\Repos\deans-server\node_modules\.pnpm\jest-circus@30.2.0\node_modules\jest-circus\build\runner.js:101:19)
        at runTestInternal (C:\Users\ZLSH01LT2304005\Documents\Repos\deans-server\node_modules\.pnpm\jest-runner@30.2.0\node_modules\jest-runner\build\index.js:275:16)
        at runTest (C:\Users\ZLSH01LT2304005\Documents\Repos\deans-server\node_modules\.pnpm\jest-runner@30.2.0\node_modules\jest-runner\build\index.js:343:7)

    [0m [90m 385 |[39m     [36mreturn[39m { updated[33m:[39m [35m1[39m }[33m;[39m
     [90m 386 |[39m   } [36mcatch[39m (error) {
    [31m[1m>[22m[39m[90m 387 |[39m     console[33m.[39merror([32m'updateFileAccess error:'[39m[33m,[39m error)[33m;[39m
     [90m     |[39m             [31m[1m^[22m[39m
     [90m 388 |[39m     [36mthrow[39m error[33m;[39m
     [90m 389 |[39m   }
     [90m 390 |[39m }[33m;[39m[0m

      at updateFileAccess (prismaClient.js:387:13)
      at Object.<anonymous> (tests/db/prisma.test.js:277:7)

PASS tests/db/prisma.test.js
  Database Layer - Prisma Client Functions
    checkUserExists
      ΓêÜ should return true when user exists (3 ms)
      ΓêÜ should return false when user does not exist
      ΓêÜ should return false on database error (16 ms)
    getFileLocation
      ΓêÜ should return file location for valid user with available files (4 ms)
      ΓêÜ should return specific file when filename is provided (2 ms)
      ΓêÜ should return null when no available files found
      ΓêÜ should throw error on database failure (7 ms)
    getUserFiles
      ΓêÜ should return all files for a user (1 ms)
      ΓêÜ should return empty array when user has no files
      ΓêÜ should throw error on database failure (3 ms)
    addFile
      ΓêÜ should add a new file successfully (1 ms)
      ΓêÜ should throw error on database failure (3 ms)
    logAccess
      ΓêÜ should log retrieval access successfully (2 ms)
      ΓêÜ should log failed access with correct notes (1 ms)
      ΓêÜ should map return access type correctly (1 ms)
      ΓêÜ should throw error on database failure (4 ms)
    updateFileAccess
      ΓêÜ should update file status to RETRIEVED (1 ms)
      ΓêÜ should throw error on database failure (3 ms)

FAIL tests/files/files.test.js
  ΓùÅ Test suite failed to run

    TypeError: Cannot assign to read only property 'getUserFiles' of object '[object Module]'

      at node_modules/.pnpm/jest-mock@30.2.0/node_modules/jest-mock/build/index.js:622:31

  console.log
    ΓÜá∩╕Å  ESP32 not connected, using simulation mode

      at ESP32Controller.checkConnection (esp32Controller.js:24:15)

FAIL tests/qr/qrScan.test.js
  ΓùÅ Test suite failed to run

    TypeError: Cannot assign to read only property 'checkUserExists' of object '[object Module]'

      at node_modules/.pnpm/jest-mock@30.2.0/node_modules/jest-mock/build/index.js:622:31

Test Suites: 3 failed, 3 passed, 6 total
Tests:       9 failed, 64 passed, 73 total
Snapshots:   0 total
Time:        11.128 s
Ran all test suites.
Force exiting Jest: Have you considered using `--detectOpenHandles` to detect async operations that kept running after all 
tests finished?
